
> slovor-mp@1.0.0 build
> next build

▲ Next.js 16.1.6 (Turbopack)
- Environments: .env.local
- Experiments (use with caution):
  · optimizePackageImports
  · serverActions

  Creating an optimized production build ...
