
> slovor-mp@1.0.0 test:run
> vitest run

│
▲  Could not resolve addon "@chromatic-com/storybook", skipping. Is it
│  installed?
│
▲  Could not resolve addon "@storybook/addon-docs", skipping. Is it
│  installed?
│
▲  Could not resolve addon "@storybook/addon-onboarding", skipping. Is it
│  installed?
│
▲  Could not resolve addon "@chromatic-com/storybook", skipping. Is it
│  installed?
│
▲  Could not resolve addon "@storybook/addon-docs", skipping. Is it
│  installed?
│
▲  Could not resolve addon "@storybook/addon-onboarding", skipping. Is it
│  installed?
│
▲  Could not resolve addon "@chromatic-com/storybook", skipping. Is it
│  installed?
│
▲  Could not resolve addon "@storybook/addon-docs", skipping. Is it
│  installed?
│
▲  Could not resolve addon "@storybook/addon-onboarding", skipping. Is it
│  installed?
│
▲  Could not resolve addon "@chromatic-com/storybook", skipping. Is it
│  installed?
│
▲  Could not resolve addon "@storybook/addon-docs", skipping. Is it
│  installed?
│
▲  Could not resolve addon "@storybook/addon-onboarding", skipping. Is it
│  installed?
│
▲  Could not resolve addon "@chromatic-com/storybook", skipping. Is it
│  installed?
│
▲  Could not resolve addon "@storybook/addon-docs", skipping. Is it
│  installed?
│
▲  Could not resolve addon "@storybook/addon-onboarding", skipping. Is it
│  installed?
│
▲  Could not resolve addon "@chromatic-com/storybook", skipping. Is it
│  installed?
│
▲  Could not resolve addon "@storybook/addon-docs", skipping. Is it
│  installed?
│
▲  Could not resolve addon "@storybook/addon-onboarding", skipping. Is it
│  installed?
│
▲  No story files found for the specified pattern: stories/**/*.mdx
│
▲  No story files found for the specified pattern:
│  stories/**/*.stories.@(js|jsx|mjs|ts|tsx)
│
▲  No story files found for the specified pattern: components/**/*.mdx
│
▲  No story files found for the specified pattern:
│  components/**/*.stories.@(js|jsx|mjs|ts|tsx)
Warning: Starting in Storybook 8.5.0-alpha.18, the "test.include" option in Vitest is discouraged in favor of just using the "stories" field in your Storybook configuration.

The values you passed to "test.include" will be ignored, please remove them from your Vitest configuration where the Storybook plugin is applied.

More info: https://github.com/storybookjs/storybook/blob/next/MIGRATION.md#addon-test-indexing-behavior-of-storybookaddon-test-is-changed

[1m[46m RUN [49m[22m [36mv4.0.18 [39m[90m/home/creator/slovor-mp[39m

 [31m❯[39m [30m[42m unit [49m[39m __tests__/components/listing-action-buttons.test.tsx [2m([22m[2m5 tests[22m[2m | [22m[31m4 failed[39m[2m)[22m[32m 151[2mms[22m[39m
[31m     [31m×[31m renders contact and call buttons[39m[32m 90[2mms[22m[39m
[31m     [31m×[31m calls onContact when main button is clicked[39m[32m 17[2mms[22m[39m
[31m     [31m×[31m shows loader and disables button when isContacting is true[39m[32m 11[2mms[22m[39m
     [32m✓[39m shows phone number when showPhone is true[32m 15[2mms[22m[39m
[31m     [31m×[31m calls onCall when call button is clicked[39m[32m 14[2mms[22m[39m
[90mstdout[2m | __tests__/components/create-listing-form.test.tsx[2m > [22m[2mCreateListingForm[2m > [22m[2mrenders the form with step 1
[22m[39mCreateListingForm: RENDER { user: [33mtrue[39m, authLoading: [33mfalse[39m }

 [31m❯[39m [30m[42m unit [49m[39m __tests__/components/filters.test.tsx [2m([22m[2m6 tests[22m[2m | [22m[31m6 failed[39m[2m)[22m[32m 49[2mms[22m[39m
[31m     [31m×[31m renders search input[39m[32m 28[2mms[22m[39m
[31m     [31m×[31m updates search value on change[39m[32m 4[2mms[22m[39m
[31m     [31m×[31m renders price inputs[39m[32m 5[2mms[22m[39m
[31m     [31m×[31m updates price values on change[39m[32m 3[2mms[22m[39m
[31m     [31m×[31m allows clicking condition buttons[39m[32m 4[2mms[22m[39m
[31m     [31m×[31m calls router.push when clicking apply[39m[32m 2[2mms[22m[39m
 [31m❯[39m [30m[42m unit [49m[39m __tests__/components/step-images.test.tsx [2m([22m[2m5 tests[22m[2m | [22m[31m2 failed[39m[2m)[22m[32m 196[2mms[22m[39m
[31m     [31m×[31m renders upload area[39m[32m 85[2mms[22m[39m
[31m     [31m×[31m shows loading state when isUploading is true[39m[32m 12[2mms[22m[39m
     [32m✓[39m shows progress bar when uploadProgress is provided[32m 18[2mms[22m[39m
     [32m✓[39m calls onFilesSelected when file input changes[32m 20[2mms[22m[39m
     [32m✓[39m renders previews and allows removal[32m 57[2mms[22m[39m
 [31m❯[39m [30m[42m unit [49m[39m __tests__/components/step-category.test.tsx [2m([22m[2m5 tests[22m[2m | [22m[31m2 failed[39m[2m)[22m[32m 168[2mms[22m[39m
     [32m✓[39m renders all categories[32m 74[2mms[22m[39m
     [32m✓[39m calls updateField when a category is clicked[32m 15[2mms[22m[39m
[31m     [31m×[31m calls updateField when condition is clicked[39m[32m 29[2mms[22m[39m
     [32m✓[39m shows error message if category_id has error[32m 32[2mms[22m[39m
[31m     [31m×[31m highlights selected category[39m[32m 15[2mms[22m[39m
 [31m❯[39m [30m[42m unit [49m[39m __tests__/components/listing-card.test.tsx [2m([22m[2m10 tests[22m[2m | [22m[31m1 failed[39m[2m)[22m[32m 279[2mms[22m[39m
     [32m✓[39m renders the listing title[32m 95[2mms[22m[39m
     [32m✓[39m displays the price correctly[32m 18[2mms[22m[39m
     [32m✓[39m shows the location[32m 14[2mms[22m[39m
     [32m✓[39m displays condition badge for new items[32m 13[2mms[22m[39m
     [32m✓[39m renders featured items without error[32m 18[2mms[22m[39m
[31m     [31m×[31m renders a link to the listing details[39m[32m 52[2mms[22m[39m
     [32m✓[39m renders the compact variant correctly[32m 16[2mms[22m[39m
     [32m✓[39m shows featured badge when listing is featured[32m 17[2mms[22m[39m
     [32m✓[39m shows views count when provided[32m 15[2mms[22m[39m
     [32m✓[39m shows placeholder when no image is provided[32m 18[2mms[22m[39m
 [31m❯[39m [30m[42m unit [49m[39m __tests__/components/step-details.test.tsx [2m([22m[2m4 tests[22m[2m | [22m[31m3 failed[39m[2m)[22m[32m 164[2mms[22m[39m
[31m     [31m×[31m renders all form fields[39m[32m 92[2mms[22m[39m
[31m     [31m×[31m calls updateField when title changes[39m[32m 15[2mms[22m[39m
[31m     [31m×[31m calls updateField when price changes[39m[32m 15[2mms[22m[39m
     [32m✓[39m shows error messages[32m 38[2mms[22m[39m
 [31m❯[39m [30m[42m unit [49m[39m __tests__/lib/env.test.ts [2m([22m[2m6 tests[22m[2m | [22m[31m4 failed[39m[2m)[22m[32m 23[2mms[22m[39m
     [32m✓[39m exports env object[32m 2[2mms[22m[39m
[31m     [31m×[31m has SUPABASE_URL property[39m[32m 12[2mms[22m[39m
[31m     [31m×[31m has SUPABASE_ANON_KEY property[39m[32m 2[2mms[22m[39m
     [32m✓[39m has NODE_ENV property with default[32m 0[2mms[22m[39m
[31m     [31m×[31m has APP_URL property with default[39m[32m 1[2mms[22m[39m
[31m     [31m×[31m has feature flags[39m[32m 1[2mms[22m[39m
[90mstdout[2m | __tests__/components/create-listing-form.test.tsx[2m > [22m[2mCreateListingForm[2m > [22m[2mshows categories after loading
[22m[39mCreateListingForm: RENDER { user: [33mtrue[39m, authLoading: [33mfalse[39m }

[90mstdout[2m | __tests__/components/create-listing-form.test.tsx[2m > [22m[2mCreateListingForm[2m > [22m[2mallows selecting a category
[22m[39mCreateListingForm: RENDER { user: [33mtrue[39m, authLoading: [33mfalse[39m }

[90mstdout[2m | __tests__/components/create-listing-form.test.tsx[2m > [22m[2mCreateListingForm[2m > [22m[2mshows condition buttons
[22m[39mCreateListingForm: RENDER { user: [33mtrue[39m, authLoading: [33mfalse[39m }

 [31m❯[39m [30m[42m unit [49m[39m __tests__/components/create-listing-form.test.tsx [2m([22m[2m4 tests[22m[2m | [22m[31m1 failed[39m[2m)[22m[33m 1236[2mms[22m[39m
[31m     [31m×[31m renders the form with step 1[39m[33m 1125[2mms[22m[39m
     [32m✓[39m shows categories after loading[32m 33[2mms[22m[39m
     [32m✓[39m allows selecting a category[32m 36[2mms[22m[39m
     [32m✓[39m shows condition buttons[32m 33[2mms[22m[39m
 [32m✓[39m [30m[42m unit [49m[39m __tests__/ui/design-tokens.test.tsx [2m([22m[2m15 tests[22m[2m)[22m[32m 141[2mms[22m[39m
 [32m✓[39m [30m[42m unit [49m[39m __tests__/components/image-gallery.test.tsx [2m([22m[2m7 tests[22m[2m)[22m[32m 191[2mms[22m[39m
 [32m✓[39m [30m[42m unit [49m[39m __tests__/components/auth-form.test.tsx [2m([22m[2m6 tests[22m[2m)[22m[32m 197[2mms[22m[39m
 [32m✓[39m [30m[42m unit [49m[39m __tests__/components/auth-social.test.tsx [2m([22m[2m4 tests[22m[2m)[22m[32m 123[2mms[22m[39m
 [32m✓[39m [30m[42m unit [49m[39m __tests__/lib/hooks/use-favorite.test.ts [2m([22m[2m4 tests[22m[2m)[22m[32m 109[2mms[22m[39m
 [32m✓[39m [30m[42m unit [49m[39m __tests__/components/price-display.test.tsx [2m([22m[2m3 tests[22m[2m)[22m[32m 104[2mms[22m[39m
 [32m✓[39m [30m[42m unit [49m[39m __tests__/components/header.test.tsx [2m([22m[2m4 tests[22m[2m)[22m[32m 281[2mms[22m[39m
 [32m✓[39m [30m[42m unit [49m[39m __tests__/utils/formatting.test.ts [2m([22m[2m2 tests[22m[2m)[22m[32m 37[2mms[22m[39m
 [32m✓[39m [30m[42m unit [49m[39m __tests__/middleware.test.ts [2m([22m[2m6 tests[22m[2m)[22m[32m 37[2mms[22m[39m
 [32m✓[39m [30m[42m unit [49m[39m __tests__/lib/services/translation.test.ts [2m([22m[2m9 tests[22m[2m)[22m[32m 25[2mms[22m[39m
 [32m✓[39m [30m[42m unit [49m[39m __tests__/lib/utils.test.ts [2m([22m[2m14 tests[22m[2m)[22m[32m 61[2mms[22m[39m
[90mstderr[2m | __tests__/app/api/users-me.test.ts[2m > [22m[2mAPI Users Me Route[2m > [22m[2mGET[2m > [22m[2mreturns basic user info if profile missing
[22m[39mProfile fetch error: { message: [32m'Missing'[39m }

 [32m✓[39m [30m[42m unit [49m[39m __tests__/app/api/users-me.test.ts [2m([22m[2m5 tests[22m[2m)[22m[32m 45[2mms[22m[39m
[90mstderr[2m | __tests__/lib/api/reports.test.ts[2m > [22m[2mreportsApi[2m > [22m[2mlist[2m > [22m[2mfetches reports with filters
[22m[39m[ERROR][reportsApi.list][client]: TypeError: query.limit is not a function
    at Object.list [90m(/home/creator/slovor-mp/[39mlib/api/reports.ts:42:23[90m)[39m
    at [90m/home/creator/slovor-mp/[39m__tests__/lib/api/reports.test.ts:72:24
    at [90mfile:///home/creator/slovor-mp/[39mnode_modules/[4m@vitest/runner[24m/dist/index.js:145:11
    at [90mfile:///home/creator/slovor-mp/[39mnode_modules/[4m@vitest/runner[24m/dist/index.js:915:26
    at [90mfile:///home/creator/slovor-mp/[39mnode_modules/[4m@vitest/runner[24m/dist/index.js:1243:20
    at new Promise (<anonymous>)
    at runWithTimeout [90m(file:///home/creator/slovor-mp/[39mnode_modules/[4m@vitest/runner[24m/dist/index.js:1209:10[90m)[39m
    at [90mfile:///home/creator/slovor-mp/[39mnode_modules/[4m@vitest/runner[24m/dist/index.js:1653:37
    at Traces.$ [90m(file:///home/creator/slovor-mp/[39mnode_modules/[4mvitest[24m/dist/chunks/traces.CCmnQaNT.js:142:27[90m)[39m
    at trace [90m(file:///home/creator/slovor-mp/[39mnode_modules/[4mvitest[24m/dist/chunks/test.B8ej_ZHS.js:239:21[90m)[39m

 [32m✓[39m [30m[42m unit [49m[39m __tests__/lib/api/reports.test.ts [2m([22m[2m8 tests[22m[2m)[22m[32m 35[2mms[22m[39m
[90mstderr[2m | __tests__/api/detect-locale.test.ts[2m > [22m[2mAPI: Detect Locale[2m > [22m[2mGET /api/detect-locale[2m > [22m[2mshould handle errors gracefully
[22m[39mError detecting locale: Error: Headers error
    at [90m/home/creator/slovor-mp/[39m__tests__/api/detect-locale.test.ts:136:15
    at Mock [90m(file:///home/creator/slovor-mp/[39mnode_modules/[4m@vitest/spy[24m/dist/index.js:285:34[90m)[39m
    at Module.GET [90m(/home/creator/slovor-mp/[39mapp/api/detect-locale/route.ts:17:31[90m)[39m
    at [90m/home/creator/slovor-mp/[39m__tests__/api/detect-locale.test.ts:139:30
[90m    at processTicksAndRejections (node:internal/process/task_queues:105:5)[39m
    at [90mfile:///home/creator/slovor-mp/[39mnode_modules/[4m@vitest/runner[24m/dist/index.js:915:20

 [32m✓[39m [30m[42m unit [49m[39m __tests__/api/detect-locale.test.ts [2m([22m[2m8 tests[22m[2m)[22m[32m 39[2mms[22m[39m
[90mstderr[2m | __tests__/lib/api/profiles.test.ts[2m > [22m[2mprofilesApi[2m > [22m[2mgetById[2m > [22m[2mhandles db error
[22m[39m[ERROR][profilesApi.getById][client]: { message: [32m'DB Error'[39m }

[90mstderr[2m | __tests__/lib/api/profiles.test.ts[2m > [22m[2mprofilesApi[2m > [22m[2mupdate[2m > [22m[2mhandles failure in update
[22m[39m[ERROR][profilesApi.update][client]: { message: [32m'Update Failed'[39m }

[90mstderr[2m | __tests__/lib/api/profiles.test.ts[2m > [22m[2mprofilesApi[2m > [22m[2mgetStats[2m > [22m[2mhandles errors when fetching listings
[22m[39m[ERROR][profilesApi.getStats][client]: { message: [32m'DB Error'[39m }

[90mstderr[2m | __tests__/lib/api/profiles.test.ts[2m > [22m[2mprofilesApi[2m > [22m[2mgetRecentActivity[2m > [22m[2mhandles errors
[22m[39m[ERROR][profilesApi.getRecentActivity][client]: { message: [32m'Fetch Fail'[39m }

 [32m✓[39m [30m[42m unit [49m[39m __tests__/lib/api/profiles.test.ts [2m([22m[2m11 tests[22m[2m)[22m[32m 31[2mms[22m[39m
 [32m✓[39m [30m[42m unit [49m[39m __tests__/app/api/detect-locale.test.ts [2m([22m[2m4 tests[22m[2m)[22m[32m 13[2mms[22m[39m
[90mstderr[2m | __tests__/app/api/utils.test.ts[2m > [22m[2mAPI Utils[2m > [22m[2mgetAuthenticatedClient[2m > [22m[2mreturns null if missing env vars
[22m[39mMissing Supabase environment variables

[90mstderr[2m | __tests__/app/api/utils.test.ts[2m > [22m[2mAPI Utils[2m > [22m[2mgetAuthenticatedClient[2m > [22m[2mcreates client with valid token
[22m[39mMissing Supabase environment variables

[90mstdout[2m | __tests__/lib/utils/analytics.test.ts[2m > [22m[2manalytics utility[2m > [22m[2mstores events in sessionStorage in non-production environment
[22m[39m[Analytics] search_performed {"query":"test"}

 [32m✓[39m [30m[42m unit [49m[39m __tests__/app/api/utils.test.ts [2m([22m[2m6 tests[22m[2m)[22m[32m 19[2mms[22m[39m
[90mstdout[2m | __tests__/lib/utils/analytics.test.ts[2m > [22m[2manalytics utility[2m > [22m[2mlimits stored events to 50
[22m[39m[Analytics] filter_applied {"i":0}
[Analytics] filter_applied {"i":1}
[Analytics] filter_applied {"i":2}
[Analytics] filter_applied {"i":3}
[Analytics] filter_applied {"i":4}
[Analytics] filter_applied {"i":5}
[Analytics] filter_applied {"i":6}
[Analytics] filter_applied {"i":7}
[Analytics] filter_applied {"i":8}
[Analytics] filter_applied {"i":9}
[Analytics] filter_applied {"i":10}
[Analytics] filter_applied {"i":11}
[Analytics] filter_applied {"i":12}
[Analytics] filter_applied {"i":13}
[Analytics] filter_applied {"i":14}
[Analytics] filter_applied {"i":15}
[Analytics] filter_applied {"i":16}
[Analytics] filter_applied {"i":17}
[Analytics] filter_applied {"i":18}
[Analytics] filter_applied {"i":19}
[Analytics] filter_applied {"i":20}
[Analytics] filter_applied {"i":21}
[Analytics] filter_applied {"i":22}
[Analytics] filter_applied {"i":23}
[Analytics] filter_applied {"i":24}
[Analytics] filter_applied {"i":25}
[Analytics] filter_applied {"i":26}
[Analytics] filter_applied {"i":27}
[Analytics] filter_applied {"i":28}
[Analytics] filter_applied {"i":29}
[Analytics] filter_applied {"i":30}
[Analytics] filter_applied {"i":31}
[Analytics] filter_applied {"i":32}
[Analytics] filter_applied {"i":33}
[Analytics] filter_applied {"i":34}
[Analytics] filter_applied {"i":35}
[Analytics] filter_applied {"i":36}
[Analytics] filter_applied {"i":37}
[Analytics] filter_applied {"i":38}
[Analytics] filter_applied {"i":39}
[Analytics] filter_applied {"i":40}
[Analytics] filter_applied {"i":41}
[Analytics] filter_applied {"i":42}
[Analytics] filter_applied {"i":43}
[Analytics] filter_applied {"i":44}
[Analytics] filter_applied {"i":45}
[Analytics] filter_applied {"i":46}
[Analytics] filter_applied {"i":47}
[Analytics] filter_applied {"i":48}
[Analytics] filter_applied {"i":49}
[Analytics] filter_applied {"i":50}
[Analytics] filter_applied {"i":51}
[Analytics] filter_applied {"i":52}
[Analytics] filter_applied {"i":53}
[Analytics] filter_applied {"i":54}
[Analytics] filter_applied {"i":55}
[Analytics] filter_applied {"i":56}
[Analytics] filter_applied {"i":57}
[Analytics] filter_applied {"i":58}
[Analytics] filter_applied {"i":59}

[90mstdout[2m | __tests__/lib/utils/analytics.test.ts[2m > [22m[2manalytics utility[2m > [22m[2mclears tracked events
[22m[39m[Analytics] message_sent 

[90mstdout[2m | __tests__/lib/utils/analytics.test.ts[2m > [22m[2manalytics utility[2m > [22m[2mhandles storage errors gracefully
[22m[39m[Analytics] report_submitted 

 [32m✓[39m [30m[42m unit [49m[39m __tests__/lib/api/listings.test.ts [2m([22m[2m8 tests[22m[2m)[22m[32m 18[2mms[22m[39m
 [32m✓[39m [30m[42m unit [49m[39m __tests__/lib/utils/analytics.test.ts [2m([22m[2m5 tests[22m[2m)[22m[32m 36[2mms[22m[39m
 [32m✓[39m [30m[42m unit [49m[39m __tests__/api/listings-filters.test.ts [2m([22m[2m18 tests[22m[2m)[22m[32m 34[2mms[22m[39m
 [32m✓[39m [30m[42m unit [49m[39m __tests__/app/api/listings.test.ts [2m([22m[2m5 tests[22m[2m)[22m[32m 30[2mms[22m[39m
 [32m✓[39m [30m[42m unit [49m[39m __tests__/lib/api/saved-searches.test.ts [2m([22m[2m6 tests[22m[2m)[22m[32m 35[2mms[22m[39m
 [32m✓[39m [30m[42m unit [49m[39m __tests__/utils/cn.test.ts [2m([22m[2m1 test[22m[2m)[22m[32m 14[2mms[22m[39m
 [32m✓[39m [30m[42m unit [49m[39m lib/api/__tests__/api.test.ts [2m([22m[2m7 tests[22m[2m)[22m[32m 19[2mms[22m[39m
 [32m✓[39m [30m[42m unit [49m[39m __tests__/app/api/categories.test.ts [2m([22m[2m2 tests[22m[2m)[22m[32m 16[2mms[22m[39m
 [32m✓[39m [30m[42m unit [49m[39m __tests__/app/api/conversations.test.ts [2m([22m[2m4 tests[22m[2m)[22m[32m 19[2mms[22m[39m
 [32m✓[39m [30m[42m unit [49m[39m __tests__/lib/api/api.test.ts [2m([22m[2m7 tests[22m[2m)[22m[32m 18[2mms[22m[39m
 [32m✓[39m [30m[42m unit [49m[39m __tests__/lib/api/storage.test.ts [2m([22m[2m10 tests[22m[2m)[22m[32m 17[2mms[22m[39m
 [32m✓[39m [30m[42m unit [49m[39m __tests__/lib/api/categories.test.ts [2m([22m[2m4 tests[22m[2m)[22m[32m 16[2mms[22m[39m
 [32m✓[39m [30m[42m unit [49m[39m __tests__/lib/api/favorites.test.ts [2m([22m[2m4 tests[22m[2m)[22m[32m 15[2mms[22m[39m
 [32m✓[39m [30m[42m unit [49m[39m __tests__/lib/api/reviews.test.ts [2m([22m[2m7 tests[22m[2m)[22m[32m 12[2mms[22m[39m
 [32m✓[39m [30m[42m unit [49m[39m __tests__/lib/utils/listing-form-schema.test.ts [2m([22m[2m7 tests[22m[2m)[22m[32m 13[2mms[22m[39m
 [32m✓[39m [30m[42m unit [49m[39m __tests__/lib/utils/draft-storage.test.ts [2m([22m[2m6 tests[22m[2m)[22m[32m 11[2mms[22m[39m
 [32m✓[39m [30m[42m unit [49m[39m __tests__/lib/utils/logger.test.ts [2m([22m[2m3 tests[22m[2m)[22m[32m 13[2mms[22m[39m
 [32m✓[39m [30m[42m unit [49m[39m __tests__/api/api-health.test.ts [2m([22m[2m3 tests[22m[2m)[22m[32m 8[2mms[22m[39m
 [32m✓[39m [30m[42m unit [49m[39m __tests__/lib/utils/listing-utils.test.ts [2m([22m[2m8 tests[22m[2m)[22m[32m 13[2mms[22m[39m
 [32m✓[39m [30m[42m unit [49m[39m __tests__/lib/api/listings-server.test.ts [2m([22m[2m3 tests[22m[2m)[22m[32m 10[2mms[22m[39m
 [32m✓[39m [30m[42m unit [49m[39m __tests__/utils/listing-utils.test.ts [2m([22m[2m3 tests[22m[2m)[22m[32m 5[2mms[22m[39m
 [32m✓[39m [30m[42m unit [49m[39m __tests__/lib/utils/category-i18n.test.ts [2m([22m[2m7 tests[22m[2m)[22m[32m 7[2mms[22m[39m
 [32m✓[39m [30m[42m unit [49m[39m __tests__/app/api/health.test.ts [2m([22m[2m1 test[22m[2m)[22m[32m 6[2mms[22m[39m

[31m⎯⎯⎯⎯⎯⎯[39m[1m[41m Failed Tests 23 [49m[22m[31m⎯⎯⎯⎯⎯⎯⎯[39m

[41m[1m FAIL [22m[49m [30m[42m unit [49m[39m __tests__/components/create-listing-form.test.tsx[2m > [22mCreateListingForm[2m > [22mrenders the form with step 1
[31m[1mTestingLibraryElementError[22m[39m: Unable to find an element with the text: Create New Listing. This could be because the text is broken up by multiple elements. In this case, you can provide a function for your text matcher to make your matcher more flexible.

Ignored nodes: comments, script, style
[36m<body>[39m
  [36m<div>[39m
    [36m<div[39m
      [33mclass[39m=[32m"bg-background flex min-h-dvh flex-col items-center justify-center py-8 md:py-16"[39m
    [36m>[39m
      [36m<div[39m
        [33mclass[39m=[32m"border-border bg-background sticky top-0 z-50 flex w-full items-center justify-between border-b px-4 py-3 md:hidden"[39m
      [36m>[39m
        [36m<button[39m
          [33mclass[39m=[32m"inline-flex items-center justify-center gap-2 whitespace-nowrap text-[15px] font-semibold transition-all focus-visible:outline-none focus-visible:ring-2 focus-visible:ring-ring focus-visible:ring-offset-2 disabled:pointer-events-none disabled:opacity-50 active:scale-[0.98] hover:bg-accent hover:text-accent-foreground h-10 w-10 rounded-full"[39m
        [36m>[39m
          [36m<svg[39m
            [33maria-hidden[39m=[32m"true"[39m
            [33mclass[39m=[32m"lucide lucide-arrow-left h-5 w-5"[39m
            [33mfill[39m=[32m"none"[39m
            [33mheight[39m=[32m"24"[39m
            [33mstroke[39m=[32m"currentColor"[39m
            [33mstroke-linecap[39m=[32m"round"[39m
            [33mstroke-linejoin[39m=[32m"round"[39m
            [33mstroke-width[39m=[32m"2"[39m
            [33mviewBox[39m=[32m"0 0 24 24"[39m
            [33mwidth[39m=[32m"24"[39m
            [33mxmlns[39m=[32m"http://www.w3.org/2000/svg"[39m
          [36m>[39m
            [36m<path[39m
              [33md[39m=[32m"m12 19-7-7 7-7"[39m
            [36m/>[39m
            [36m<path[39m
              [33md[39m=[32m"M19 12H5"[39m
            [36m/>[39m
          [36m</svg>[39m
        [36m</button>[39m
        [36m<div[39m
          [33mclass[39m=[32m"flex flex-col items-center"[39m
        [36m>[39m
          [36m<span[39m
            [33mclass[39m=[32m"text-muted-foreground text-xs font-bold tracking-widest uppercase"[39m
          [36m>[39m
            [0mstep[0m
          [36m</span>[39m
          [36m<div[39m
            [33mclass[39m=[32m"mt-1 flex gap-1"[39m
          [36m>[39m
            [36m<div[39m
              [33mclass[39m=[32m"h-1 w-8 rounded-full transition-colors bg-primary"[39m
            [36m/>[39m
            [36m<div[39m
              [33mclass[39m=[32m"h-1 w-8 rounded-full transition-colors bg-muted"[39m
            [36m/>[39m
            [36m<div[39m
              [33mclass[39m=[32m"h-1 w-8 rounded-full transition-colors bg-muted"[39m
            [36m/>[39m
          [36m</div>[39m
        [36m</div>[39m
        [36m<div[39m
          [33mclass[39m=[32m"w-10"[39m
        [36m/>[39m
      [36m</div>[39m
      [36m<div[39m
        [33mclass[39m=[32m"bg-card md:border-border relative w-full overflow-hidden transition-[max-width,height] duration-500 ease-in-out md:rounded-lg md:border md:p-10 md:shadow-sm max-w-4xl min-h-[calc(100dvh-60px)] md:min-h-0"[39m
      [36m>[39m
        [36m<div[39m
          [33mclass[39m=[32m"bg-muted absolute top-0 left-0 hidden h-1 w-full md:block"[39m
        [36m>[39m
          [36m<div[39m
            [33mclass[39m=[32m"bg-primary h-full transition-all duration-700 ease-out"[39m
            [33mstyle[39m=[32m"width: 33.33333333333333%;"[39m
          [36m/>[39m
        [36m</div>[39m
        [36m<div[39m
          [33mclass[39m=[32m"mb-6 hidden text-center md:block"[39m
        [36m>[39m
          [36m<h1[39m
            [33mclass[39m=[32m"font-heading text-foreground mb-2 text-3xl font-bold tracking-tight"[39m
          [36m>[39m
            [0mtitle[0m
          [36m</h1>[39m
          [36m<p[39m
            [33mclass[39m=[32m"text-muted-foreground"[39m
          [36m>[39m
            [0mstep[0m
          [36m</p>[39m
        [36m</div>[39m
        [36m<div[39m
          [33mclass[39m=[32m"mb-6 hidden justify-center md:flex"[39m
        [36m>[39m
          [36m<div[39m
            [33mdata-orientation[39m=[32m"horizontal"[39m
            [33mdir[39m=[32m"ltr"[39m
          [36m>[39m
            [36m<div[39m
              [33maria-orientation[39m=[32m"horizontal"[39m
              [33mclass[39m=[32m"text-muted-foreground inline-flex h-10 items-center justify-center rounded-lg p-1 bg-muted"[39m
              [33mdata-orientation[39m=[32m"horizontal"[39m
              [33mrole[39m=[32m"tablist"[39m
              [33mstyle[39m=[32m"outline-color: none; outline-style: none; outline-width: initial;"[39m
              [33mtabindex[39m=[32m"0"[39m
            [36m>[39m
              [36m<button[39m
                [33maria-controls[39m=[32m"radix-_r_0_-content-edit"[39m
                [33maria-selected[39m=[32m"true"[39m
                [33mclass[39m=[32m"ring-offset-background focus-visible:ring-ring data-[state=active]:bg-background data-[state=active]:text-foreground justify-center rounded-lg px-3 py-1.5 text-sm font-medium whitespace-nowrap transition-all focus-visible:ring-2 focus-visible:ring-offset-2 focus-visible:outline-none disabled:pointer-events-none disabled:opacity-50 data-[state=active]:shadow-sm flex items-center gap-2"[39m
                [33mdata-orientation[39m=[32m"horizontal"[39m
                [33mdata-radix-collection-item[39m=[32m""[39m
                [33mdata-state[39m=[32m"active"[39m
                [33mid[39m=[32m"radix-_r_0_-trigger-edit"[39m
                [33mrole[39m=[32m"tab"[39m
                [33mtabindex[39m=[32m"-1"[39m
                [33mtype[39m=[32m"button"[39m
              [36m>[39m
                [36m<svg[39m
                  [33maria-hidden[39m=[32m"true"[39m
                  [33mclass[39m=[32m"lucide lucide-pen-line h-4 w-4"[39m
                  [33mfill[39m=[32m"none"[39m
                  [33mheight[39m=[32m"24"[39m
                  [33mstroke[39m=[32m"currentColor"[39m
                  [33mstroke-linecap[39m=[32m"round"[39m
                  [33mstroke-linejoin[39m=[32m"round"[39m
                  [33mstroke-width[39m=[32m"2"[39m
                  [33mviewBox[39m=[32m"0 0 24 24"[39m
                  [33mwidth[39m=[32m"24"[39m
                  [33mxmlns[39m=[32m"http://www.w3.org/2000/svg"[39m
                [36m>[39m
                  [36m<path[39m
                    [33md[39m=[32m"M13 21h8"[39m
                  [36m/>[39m
                  [36m<path[39m
                    [33md[39m=[32m"M21.174 6.812a1 1 0 0 0-3.986-3.987L3.842 16.174a2 2 0 0 0-.5.83l-1.321 4.352a.5.5 0 0 0 .623.622l4.353-1.32a2 2 0 0 0 .83-.497z"[39m
                  [36m/>[39m
                [36m</svg>[39m
                [0medit[0m
              [36m</button>[39m
              [36m<button[39m
                [33maria-controls[39m=[32m"radix-_r_0_-content-preview"[39m
                [33maria-selected[39m=[32m"false"[39m
                [33mclass[39m=[32m"ring-offset-background focus-visible:ring-ring data-[state=active]:bg-background data-[state=active]:text-foreground justify-center rounded-lg px-3 py-1.5 text-sm font-medium whitespace-nowrap transition-all focus-visible:ring-2 focus-visible:ring-offset-2 focus-visible:outline-none disabled:pointer-events-none disabled:opacity-50 data-[state=active]:shadow-sm flex items-center gap-2"[39m
                [33mdata-orientation[39m=[32m"horizontal"[39m
                [33mdata-radix-collection-item[39m=[32m""[39m
                [33mdata-state[39m=[32m"inactive"[39m
                [33mid[39m=[32m"radix-_r_0_-trigger-preview"[39m
                [33mrole[39m=[32m"tab"[39m
                [33mtabindex[39m=[32m"-1"[39m
                [33mtype[39m=[32m"button"[39m
              [36m>[39m
                [36m<svg[39m
                  [33maria-hidden[39m=[32m"true"[39m
                  [33mclass[39m=[32m"lucide lucide-eye h-4 w-4"[39m
                  [33mfill[39m=[32m"none"[39m
                  [33mheight[39m=[32m"24"[39m
                  [33mstroke[39m=[32m"currentColor"[39m
                  [33mstroke-linecap[39m=[32m"round"[39m
                  [33mstroke-linejoin[39m=[32m"round"[39m
                  [33mstroke-width[39m=[32m"2"[39m
                  [33mviewBox[39m=[32m"0 0 24 24"[39m
                  [33mwidth[39m=[32m"24"[39m
                  [33mxmlns[39m=[32m"http://www.w3.org/2000/svg"[39m
                [36m>[39m
                  [36m<path[39m
                    [33md[39m=[32m"M2.062 12.348a1 1 0 0 1 0-.696 10.75 10.75 0 0 1 19.876 0 1 1 0 0 1 0 .696 10.75 10.75 0 0 1-19.876 0"[39m
                  [36m/>[39m
                  [36m<circle[39m
                    [33mcx[39m=[32m"12"[39m
                    [33mcy[39m=[32m"12"[39m
                    [33mr[39m=[32m"3"[39m
                  [36m/>[39m
                [36m</svg>[39m
                [0mpreview[0m
              [36m</button>[39m
            [36m</div>[39m
          [36m</div>[39m
        [36m</div>[39m
        [36m<div[39m
          [33mclass[39m=[32m"px-4 py-6 md:min-h-[400px] md:p-0"[39m
        [36m>[39m
          [36m<div>[39m
            [36m<button>[39m
              [0mElectronics[0m
            [36m</button>[39m
            [36m<button>[39m
              [0mFashion[0m
            [36m</button>[39m
            [36m<button>[39m
              [0mnew[0m
            [36m</button>[39m
            [36m<button>[39m
              [0mused[0m
            [36m</button>[39m
          [36m</div>[39m
        [36m</div>[39m
        [36m<div[39m
          [33mclass[39m=[32m"border-border bg-card fixed right-0 bottom-0 left-0 z-50 flex items-center justify-between border-t p-4 md:relative md:mt-10 md:justify-between md:border-t md:border-transparent md:bg-transparent md:p-0 md:pt-8"[39m
        [36m>[39m
          [36m<div[39m
            [33mclass[39m=[32m"hidden md:block"[39m
          [36m/>[39m
          [36m<button[39m
            [33mclass[39m=[32m"inline-flex items-center justify-center gap-2 whitespace-nowrap text-[15px] transition-all focus-visible:outline-none focus-visible:ring-2 focus-visible:ring-ring focus-visible:ring-offset-2 disabled:pointer-events-none disabled:opacity-50 active:scale-[0.98] hover:bg-accent hover:text-accent-foreground h-12 px-6 py-3 text-muted-foreground rounded-lg font-bold md:hidden invisible"[39m
            [33mtype[39m=[32m"button"[39m
          [36m>[39m
            [0mback[0m
          [36m</button>[39m
          [36m<button[39m
            [33mclass[39m=[32m"inline-flex items-center justify-center gap-2 whitespace-nowrap text-[15px] focus-visible:outline-none focus-visible:ring-2 focus-visible:ring-ring focus-visible:ring-offset-2 disabled:pointer-events-none disabled:opacity-50 bg-primary text-primary-foreground shadow-primary hover:bg-primary-hover h-12 rounded-lg px-8 py-6 font-bold transition-transform active:scale-95 md:py-4"[39m
            [33mtype[39m=[32m"button"[39m
          [36m>[39m
            [0mnextStep[0m
            [0m [0m
            [36m<svg[39m
              [33maria-hidden[39m=[32m"true"[39m
              [33mclass[39m=[32m"lucide lucide-arrow-right ml-2 h-4 w-4"[39m
              [33mfill[39m=[32m"none"[39m
              [33mheight[39m=[32m"24"[39m
              [33mstroke[39m=[32m"currentColor"[39m
              [33mstroke-linecap[39m=[32m"round"[39m
              [33mstroke-linejoin[39m=[32m"round"[39m
              [33mstroke-width[39m=[32m"2"[39m
              [33mviewBox[39m=[32m"0 0 24 24"[39m
              [33mwidth[39m=[32m"24"[39m
              [33mxmlns[39m=[32m"http://www.w3.org/2000/svg"[39m
            [36m>[39m
              [36m<path[39m
                [33md[39m=[32m"M5 12h14"[39m
              [36m/>[39m
              [36m<path[39m
                [33md[39m=[32m"m12 5 7 7-7 7"[39m
              [36m/>[39m
            [36m</svg>[39m
          [36m</button>[39m
        [36m</div>[39m
      [36m</div>[39m
    [36m</div>[39m
  [36m</div>[39m
[36m</body>[39m

Ignored nodes: comments, script, style
[36m<html>[39m
  [36m<head />[39m
  [36m<body>[39m
    [36m<div>[39m
      [36m<div[39m
        [33mclass[39m=[32m"bg-background flex min-h-dvh flex-col items-center justify-center py-8 md:py-16"[39m
      [36m>[39m
        [36m<div[39m
          [33mclass[39m=[32m"border-border bg-background sticky top-0 z-50 flex w-full items-center justify-between border-b px-4 py-3 md:hidden"[39m
        [36m>[39m
          [36m<button[39m
            [33mclass[39m=[32m"inline-flex items-center justify-center gap-2 whitespace-nowrap text-[15px] font-semibold transition-all focus-visible:outline-none focus-visible:ring-2 focus-visible:ring-ring focus-visible:ring-offset-2 disabled:pointer-events-none disabled:opacity-50 active:scale-[0.98] hover:bg-accent hover:text-accent-foreground h-10 w-10 rounded-full"[39m
          [36m>[39m
            [36m<svg[39m
              [33maria-hidden[39m=[32m"true"[39m
              [33mclass[39m=[32m"lucide lucide-arrow-left h-5 w-5"[39m
              [33mfill[39m=[32m"none"[39m
              [33mheight[39m=[32m"24"[39m
              [33mstroke[39m=[32m"currentColor"[39m
              [33mstroke-linecap[39m=[32m"round"[39m
              [33mstroke-linejoin[39m=[32m"round"[39m
              [33mstroke-width[39m=[32m"2"[39m
              [33mviewBox[39m=[32m"0 0 24 24"[39m
              [33mwidth[39m=[32m"24"[39m
              [33mxmlns[39m=[32m"http://www.w3.org/2000/svg"[39m
            [36m>[39m
              [36m<path[39m
                [33md[39m=[32m"m12 19-7-7 7-7"[39m
              [36m/>[39m
              [36m<path[39m
                [33md[39m=[32m"M19 12H5"[39m
              [36m/>[39m
            [36m</svg>[39m
          [36m</button>[39m
          [36m<div[39m
            [33mclass[39m=[32m"flex flex-col items-center"[39m
          [36m>[39m
            [36m<span[39m
              [33mclass[39m=[32m"text-muted-foreground text-xs font-bold tracking-widest uppercase"[39m
            [36m>[39m
              [0mstep[0m
            [36m</span>[39m
            [36m<div[39m
              [33mclass[39m=[32m"mt-1 flex gap-1"[39m
            [36m>[39m
              [36m<div[39m
                [33mclass[39m=[32m"h-1 w-8 rounded-full transition-colors bg-primary"[39m
              [36m/>[39m
              [36m<div[39m
                [33mclass[39m=[32m"h-1 w-8 rounded-full transition-colors bg-muted"[39m
              [36m/>[39m
              [36m<div[39m
                [33mclass[39m=[32m"h-1 w-8 rounded-full transition-colors bg-muted"[39m
              [36m/>[39m
            [36m</div>[39m
          [36m</div>[39m
          [36m<div[39m
            [33mclass[39m=[32m"w-10"[39m
          [36m/>[39m
        [36m</div>[39m
        [36m<div[39m
          [33mclass[39m=[32m"bg-card md:border-border relative w-full overflow-hidden transition-[max-width,height] duration-500 ease-in-out md:rounded-lg md:border md:p-10 md:shadow-sm max-w-4xl min-h-[calc(100dvh-60px)] md:min-h-0"[39m
        [36m>[39m
          [36m<div[39m
            [33mclass[39m=[32m"bg-muted absolute top-0 left-0 hidden h-1 w-full md:block"[39m
          [36m>[39m
            [36m<div[39m
              [33mclass[39m=[32m"bg-primary h-full transition-all duration-700 ease-out"[39m
              [33mstyle[39m=[32m"width: 33.33333333333333%;"[39m
            [36m/>[39m
          [36m</div>[39m
          [36m<div[39m
            [33mclass[39m=[32m"mb-6 hidden text-center md:block"[39m
          [36m>[39m
            [36m<h1[39m
              [33mclass[39m=[32m"font-heading text-foreground mb-2 text-3xl font-bold tracking-tight"[39m
            [36m>[39m
              [0mtitle[0m
            [36m</h1>[39m
            [36m<p[39m
              [33mclass[39m=[32m"text-muted-foreground"[39m
            [36m>[39m
              [0mstep[0m
            [36m</p>[39m
          [36m</div>[39m
          [36m<div[39m
            [33mclass[39m=[32m"mb-6 hidden justify-center md:flex"[39m
          [36m>[39m
            [36m<div[39m
              [33mdata-orientation[39m=[32m"horizontal"[39m
              [33mdir[39m=[32m"ltr"[39m
            [36m>[39m
              [36m<div[39m
                [33maria-orientation[39m=[32m"horizontal"[39m
                [33mclass[39m=[32m"text-muted-foreground inline-flex h-10 items-center justify-center rounded-lg p-1 bg-muted"[39m
                [33mdata-orientation[39m=[32m"horizontal"[39m
                [33mrole[39m=[32m"tablist"[39m
                [33mstyle[39m=[32m"outline-color: none; outline-style: none; outline-width: initial;"[39m
                [33mtabindex[39m=[32m"0"[39m
              [36m>[39m
                [36m<button[39m
                  [33maria-controls[39m=[32m"radix-_r_0_-content-edit"[39m
                  [33maria-selected[39m=[32m"true"[39m
                  [33mclass[39m=[32m"ring-offset-background focus-visible:ring-ring data-[state=active]:bg-background data-[state=active]:text-foreground justify-center rounded-lg px-3 py-1.5 text-sm font-medium whitespace-nowrap transition-all focus-visible:ring-2 focus-visible:ring-offset-2 focus-visible:outline-none disabled:pointer-events-none disabled:opacity-50 data-[state=active]:shadow-sm flex items-center gap-2"[39m
                  [33mdata-orientation[39m=[32m"horizontal"[39m
                  [33mdata-radix-collection-item[39m=[32m""[39m
                  [33mdata-state[39m=[32m"active"[39m
                  [33mid[39m=[32m"radix-_r_0_-trigger-edit"[39m
                  [33mrole[39m=[32m"tab"[39m
                  [33mtabindex[39m=[32m"-1"[39m
                  [33mtype[39m=[32m"button"[39m
                [36m>[39m
                  [36m<svg[39m
                    [33maria-hidden[39m=[32m"true"[39m
                    [33mclass[39m=[32m"lucide lucide-pen-line h-4 w-4"[39m
                    [33mfill[39m=[32m"none"[39m
                    [33mheight[39m=[32m"24"[39m
                    [33mstroke[39m=[32m"currentColor"[39m
                    [33mstroke-linecap[39m=[32m"round"[39m
                    [33mstroke-linejoin[39m=[32m"round"[39m
                    [33mstroke-width[39m=[32m"2"[39m
                    [33mviewBox[39m=[32m"0 0 24 24"[39m
                    [33mwidth[39m=[32m"24"[39m
                    [33mxmlns[39m=[32m"http://www.w3.org/2000/svg"[39m
                  [36m>[39m
                    [36m<path[39m
                      [33md[39m=[32m"M13 21h8"[39m
                    [36m/>[39m
                    [36m<path[39m
                      [33md[39m=[32m"M21.174 6.812a1 1 0 0 0-3.986-3.987L3.842 16.174a2 2 0 0 0-.5.83l-1.321 4.352a.5.5 0 0 0 .623.622l4.353-1.32a2 2 0 0 0 .83-.497z"[39m
                    [36m/>[39m
                  [36m</svg>[39m
                  [0medit[0m
                [36m</button>[39m
                [36m<button[39m
                  [33maria-controls[39m=[32m"radix-_r_0_-content-preview"[39m
                  [33maria-selected[39m=[32m"false"[39m
                  [33mclass[39m=[32m"ring-offset-background focus-visible:ring-ring data-[state=active]:bg-background data-[state=active]:text-foreground justify-center rounded-lg px-3 py-1.5 text-sm font-medium whitespace-nowrap transition-all focus-visible:ring-2 focus-visible:ring-offset-2 focus-visible:outline-none disabled:pointer-events-none disabled:opacity-50 data-[state=active]:shadow-sm flex items-center gap-2"[39m
                  [33mdata-orientation[39m=[32m"horizontal"[39m
                  [33mdata-radix-collection-item[39m=[32m""[39m
                  [33mdata-state[39m=[32m"inactive"[39m
                  [33mid[39m=[32m"radix-_r_0_-trigger-preview"[39m
                  [33mrole[39m=[32m"tab"[39m
                  [33mtabindex[39m=[32m"-1"[39m
                  [33mtype[39m=[32m"button"[39m
                [36m>[39m
                  [36m<svg[39m
                    [33maria-hidden[39m=[32m"true"[39m
                    [33mclass[39m=[32m"lucide lucide-eye h-4 w-4"[39m
                    [33mfill[39m=[32m"none"[39m
                    [33mheight[39m=[32m"24"[39m
                    [33mstroke[39m=[32m"currentColor"[39m
                    [33mstroke-linecap[39m=[32m"round"[39m
                    [33mstroke-linejoin[39m=[32m"round"[39m
                    [33mstroke-width[39m=[32m"2"[39m
                    [33mviewBox[39m=[32m"0 0 24 24"[39m
                    [33mwidth[39m=[32m"24"[39m
                    [33mxmlns[39m=[32m"http://www.w3.org/2000/svg"[39m
                  [36m>[39m
                    [36m<path[39m
                      [33md[39m=[32m"M2.062 12.348a1 1 0 0 1 0-.696 10.75 10.75 0 0 1 19.876 0 1 1 0 0 1 0 .696 10.75 10.75 0 0 1-19.876 0"[39m
                    [36m/>[39m
                    [36m<circle[39m
                      [33mcx[39m=[32m"12"[39m
                      [33mcy[39m=[32m"12"[39m
                      [33mr[39m=[32m"3"[39m
                    [36m/>[39m
                  [36m</svg>[39m
                  [0mpreview[0m
                [36m</button>[39m
              [36m</div>[39m
            [36m</div>[39m
          [36m</div>[39m
          [36m<div[39m
            [33mclass[39m=[32m"px-4 py-6 md:min-h-[400px] md:p-0"[39m
          [36m>[39m
            [36m<div>[39m
              [36m<button>[39m
                [0mElectronics[0m
              [36m</button>[39m
              [36m<button>[39m
                [0mFashion[0m
              [36m</button>[39m
              [36m<button>[39m
                [0mnew[0m
              [36m</button>[39m
              [36m<button>[39m
                [0mused[0m
              [36m</button>[39m
            [36m</div>[39m
          [36m</div>[39m
          [36m<div[39m
            [33mclass[39m=[32m"border-border bg-card fixed right-0 bottom-0 left-0 z-50 flex items-center justify-between border-t p-4 md:relative md:mt-10 md:justify-between md:border-t md:border-transparent md:bg-transparent md:p-0 md:pt-8"[39m
          [36m>[39m
            [36m<div[39m
              [33mclass[39m=[32m"hidden md:block"[39m
            [36m/>[39m
            [36m<button[39m
              [33mclass[39m=[32m"inline-flex items-center justify-center gap-2 whitespace-nowrap text-[15px] transition-all focus-visible:outline-none focus-visible:ring-2 focus-visible:ring-ring focus-visible:ring-offset-2 disabled:pointer-events-none disabled:opacity-50 active:scale-[0.98] hover:bg-accent hover:text-accent-foreground h-12 px-6 py-3 text-muted-foreground rounded-lg font-bold md:hidden invisible"[39m
              [33mtype[39m=[32m"button"[39m
            [36m>[39m
              [0mback[0m
            [36m</button>[39m
            [36m<button[39m
              [33mclass[39m=[32m"inline-flex items-center justify-center gap-2 whitespace-nowrap text-[15px] focus-visible:outline-none focus-visible:ring-2 focus-visible:ring-ring focus-visible:ring-offset-2 disabled:pointer-events-none disabled:opacity-50 bg-primary text-primary-foreground shadow-primary hover:bg-primary-hover h-12 rounded-lg px-8 py-6 font-bold transition-transform active:scale-95 md:py-4"[39m
              [33mtype[39m=[32m"button"[39m
            [36m>[39m
              [0mnextStep[0m
              [0m [0m
              [36m<svg[39m
                [33maria-hidden[39m=[32m"true"[39m
                [33mclass[39m=[32m"lucide lucide-arrow-right ml-2 h-4 w-4"[39m
                [33mfill[39m=[32m"none"[39m
                [33mheight[39m=[32m"24"[39m
                [33mstroke[39m=[32m"currentColor"[39m
                [33mstroke-linecap[39m=[32m"round"[39m
                [33mstroke-linejoin[39m=[32m"round"[39m
                [33mstroke-width[39m=[32m"2"[39m
                [33mviewBox[39m=[32m"0 0 24 24"[39m
                [33mwidth[39m=[32m"24"[39m
                [33mxmlns[39m=[32m"http://www.w3.org/2000/svg"[39m
              [36m>[39m
                [36m<path[39m
                  [33md[39m=[32m"M5 12h14"[39m
                [36m/>[39m
                [36m<path[39m
                  [33md[39m=[32m"m12 5 7 7-7 7"[39m
                [36m/>[39m
              [36m</svg>[39m
            [36m</button>[39m
          [36m</div>[39m
        [36m</div>[39m
      [36m</div>[39m
    [36m</div>[39m
  [36m</body>[39m
[36m</html>[39m
[90m [2m❯[22m Proxy.waitForWrapper node_modules/@testing-library/dom/dist/wait-for.js:[2m163:27[22m[39m
[36m [2m❯[22m __tests__/components/create-listing-form.test.tsx:[2m153:11[22m[39m
    [90m151| [39m    [34mrender[39m([33m<[39m[33mCreateListingForm[39m [33m/[39m[33m>[39m)
    [90m152| [39m
    [90m153| [39m    [35mawait[39m [34mwaitFor[39m(() [33m=>[39m {
    [90m   | [39m          [31m^[39m
    [90m154| [39m      expect(screen.getByText('Create New Listing')).toBeInTheDocument…
    [90m155| [39m      [35mconst[39m steps [33m=[39m screen[33m.[39m[34mgetAllByText[39m([32m'Step 1 of 3'[39m)

[31m[2m⎯⎯⎯⎯⎯⎯⎯⎯⎯⎯⎯⎯⎯⎯⎯⎯⎯⎯⎯⎯⎯⎯⎯[1/23]⎯[22m[39m

[41m[1m FAIL [22m[49m [30m[42m unit [49m[39m __tests__/components/filters.test.tsx[2m > [22mListingFilters[2m > [22mrenders search input
[41m[1m FAIL [22m[49m [30m[42m unit [49m[39m __tests__/components/filters.test.tsx[2m > [22mListingFilters[2m > [22mupdates search value on change
[41m[1m FAIL [22m[49m [30m[42m unit [49m[39m __tests__/components/filters.test.tsx[2m > [22mListingFilters[2m > [22mrenders price inputs
[41m[1m FAIL [22m[49m [30m[42m unit [49m[39m __tests__/components/filters.test.tsx[2m > [22mListingFilters[2m > [22mupdates price values on change
[41m[1m FAIL [22m[49m [30m[42m unit [49m[39m __tests__/components/filters.test.tsx[2m > [22mListingFilters[2m > [22mallows clicking condition buttons
[41m[1m FAIL [22m[49m [30m[42m unit [49m[39m __tests__/components/filters.test.tsx[2m > [22mListingFilters[2m > [22mcalls router.push when clicking apply
[31m[1mTypeError[22m: Cannot read properties of undefined (reading 'language')[39m
[36m [2m❯[22m ListingFilters components/listing/filters.tsx:[2m25:23[22m[39m
    [90m 23| [39m  [35mconst[39m router [33m=[39m [34museRouter[39m()
    [90m 24| [39m  [35mconst[39m { t[33m,[39m i18n } [33m=[39m [34museTranslation[39m([[32m'filters'[39m[33m,[39m [32m'common'[39m])
    [90m 25| [39m  [35mconst[39m locale [33m=[39m i18n[33m.[39mlanguage
    [90m   | [39m                      [31m^[39m
    [90m 26| [39m  [35mconst[39m searchParams [33m=[39m [34museSearchParams[39m()
    [90m 27| [39m  [35mconst[39m [isPending[33m,[39m startTransition] [33m=[39m [34museTransition[39m()
[90m [2m❯[22m Object.react_stack_bottom_frame node_modules/react-dom/cjs/react-dom-client.development.js:[2m25904:20[22m[39m
[90m [2m❯[22m renderWithHooks node_modules/react-dom/cjs/react-dom-client.development.js:[2m7662:22[22m[39m
[90m [2m❯[22m updateFunctionComponent node_modules/react-dom/cjs/react-dom-client.development.js:[2m10166:19[22m[39m
[90m [2m❯[22m beginWork node_modules/react-dom/cjs/react-dom-client.development.js:[2m11778:18[22m[39m
[90m [2m❯[22m runWithFiberInDEV node_modules/react-dom/cjs/react-dom-client.development.js:[2m874:13[22m[39m
[90m [2m❯[22m performUnitOfWork node_modules/react-dom/cjs/react-dom-client.development.js:[2m17641:22[22m[39m
[90m [2m❯[22m workLoopSync node_modules/react-dom/cjs/react-dom-client.development.js:[2m17469:41[22m[39m
[90m [2m❯[22m renderRootSync node_modules/react-dom/cjs/react-dom-client.development.js:[2m17450:11[22m[39m
[90m [2m❯[22m performWorkOnRoot node_modules/react-dom/cjs/react-dom-client.development.js:[2m16583:35[22m[39m

[31m[2m⎯⎯⎯⎯⎯⎯⎯⎯⎯⎯⎯⎯⎯⎯⎯⎯⎯⎯⎯⎯⎯⎯⎯[2/23]⎯[22m[39m

[41m[1m FAIL [22m[49m [30m[42m unit [49m[39m __tests__/components/listing-action-buttons.test.tsx[2m > [22mListingActionButtons[2m > [22mrenders contact and call buttons
[31m[1mTestingLibraryElementError[22m: Unable to find an element with the text: Contact Seller. This could be because the text is broken up by multiple elements. In this case, you can provide a function for your text matcher to make your matcher more flexible.

Ignored nodes: comments, script, style
[36m<body>[31m
  [36m<div>[31m
    [36m<div[31m
      [33mclass[31m=[32m"space-y-4"[31m
    [36m>[31m
      [36m<button[31m
        [33mclass[31m=[32m"inline-flex items-center justify-center gap-2 whitespace-nowrap focus-visible:outline-none focus-visible:ring-2 focus-visible:ring-ring focus-visible:ring-offset-2 disabled:pointer-events-none disabled:opacity-50 hover:bg-primary-hover px-8 h-16 w-full rounded-lg text-lg font-bold tracking-widest uppercase transition-all active:scale-[0.98] bg-primary text-primary-foreground shadow-primary/20 shadow-xl"[31m
        [33mdata-action[31m=[32m"contact"[31m
      [36m>[31m
        [36m<svg[31m
          [33maria-hidden[31m=[32m"true"[31m
          [33mclass[31m=[32m"lucide lucide-message-circle mr-2 h-6 w-6"[31m
          [33mfill[31m=[32m"none"[31m
          [33mheight[31m=[32m"24"[31m
          [33mstroke[31m=[32m"currentColor"[31m
          [33mstroke-linecap[31m=[32m"round"[31m
          [33mstroke-linejoin[31m=[32m"round"[31m
          [33mstroke-width[31m=[32m"2"[31m
          [33mviewBox[31m=[32m"0 0 24 24"[31m
          [33mwidth[31m=[32m"24"[31m
          [33mxmlns[31m=[32m"http://www.w3.org/2000/svg"[31m
        [36m>[31m
          [36m<path[31m
            [33md[31m=[32m"M2.992 16.342a2 2 0 0 1 .094 1.167l-1.065 3.29a1 1 0 0 0 1.236 1.168l3.413-.998a2 2 0 0 1 1.099.092 10 10 0 1 0-4.777-4.719"[31m
          [36m/>[31m
        [36m</svg>[31m
        [0mlisting:contactSeller[0m
      [36m</button>[31m
      [36m<button[31m
        [33mclass[31m=[32m"inline-flex items-center justify-center whitespace-nowrap text-[15px] focus-visible:outline-none focus-visible:ring-2 focus-visible:ring-ring focus-visible:ring-offset-2 disabled:pointer-events-none disabled:opacity-50 active:scale-[0.98] border hover:text-accent-foreground px-8 hover:border-primary/30 border-border bg-muted/40 hover:bg-muted/60 h-16 w-full gap-3 rounded-lg font-bold tracking-widest uppercase transition-all"[31m
        [33mdata-action[31m=[32m"call"[31m
      [36m>[31m
        [36m<svg[31m
          [33maria-hidden[31m=[32m"true"[31m
          [33mclass[31m=[32m"lucide lucide-phone text-primary h-5 w-5"[31m
          [33mfill[31m=[32m"none"[31m
          [33mheight[31m=[32m"24"[31m
          [33mstroke[31m=[32m"currentColor"[31m
          [33mstroke-linecap[31m=[32m"round"[31m
          [33mstroke-linejoin[31m=[32m"round"[31m
          [33mstroke-width[31m=[32m"2"[31m
          [33mviewBox[31m=[32m"0 0 24 24"[31m
          [33mwidth[31m=[32m"24"[31m
          [33mxmlns[31m=[32m"http://www.w3.org/2000/svg"[31m
        [36m>[31m
          [36m<path[31m
            [33md[31m=[32m"M13.832 16.568a1 1 0 0 0 1.213-.303l.355-.465A2 2 0 0 1 17 15h3a2 2 0 0 1 2 2v3a2 2 0 0 1-2 2A18 18 0 0 1 2 4a2 2 0 0 1 2-2h3a2 2 0 0 1 2 2v3a2 2 0 0 1-.8 1.6l-.468.351a1 1 0 0 0-.292 1.233 14 14 0 0 0 6.392 6.384"[31m
          [36m/>[31m
        [36m</svg>[31m
        [0mlisting:callNow[0m
      [36m</button>[31m
    [36m</div>[31m
  [36m</div>[31m
[36m</body>[31m[39m
[90m [2m❯[22m Object.getElementError node_modules/@testing-library/dom/dist/config.js:[2m37:19[22m[39m
[90m [2m❯[22m node_modules/@testing-library/dom/dist/query-helpers.js:[2m76:38[22m[39m
[90m [2m❯[22m node_modules/@testing-library/dom/dist/query-helpers.js:[2m52:17[22m[39m
[90m [2m❯[22m node_modules/@testing-library/dom/dist/query-helpers.js:[2m95:19[22m[39m
[36m [2m❯[22m __tests__/components/listing-action-buttons.test.tsx:[2m49:19[22m[39m
    [90m 47| [39m    )
    [90m 48| [39m
    [90m 49| [39m    [34mexpect[39m(screen[33m.[39m[34mgetByText[39m([32m'Contact Seller'[39m))[33m.[39m[34mtoBeInTheDocument[39m()
    [90m   | [39m                  [31m^[39m
    [90m 50| [39m    [90m// It's in multiple places (main and grid)[39m
    [90m 51| [39m    [35mconst[39m callButtons [33m=[39m screen[33m.[39m[34mgetAllByText[39m([32m'Call Now'[39m)

[31m[2m⎯⎯⎯⎯⎯⎯⎯⎯⎯⎯⎯⎯⎯⎯⎯⎯⎯⎯⎯⎯⎯⎯⎯[3/23]⎯[22m[39m

[41m[1m FAIL [22m[49m [30m[42m unit [49m[39m __tests__/components/listing-action-buttons.test.tsx[2m > [22mListingActionButtons[2m > [22mcalls onContact when main button is clicked
[31m[1mTestingLibraryElementError[22m: Unable to find an element with the text: Contact Seller. This could be because the text is broken up by multiple elements. In this case, you can provide a function for your text matcher to make your matcher more flexible.

Ignored nodes: comments, script, style
[36m<body>[31m
  [36m<div>[31m
    [36m<div[31m
      [33mclass[31m=[32m"space-y-4"[31m
    [36m>[31m
      [36m<button[31m
        [33mclass[31m=[32m"inline-flex items-center justify-center gap-2 whitespace-nowrap focus-visible:outline-none focus-visible:ring-2 focus-visible:ring-ring focus-visible:ring-offset-2 disabled:pointer-events-none disabled:opacity-50 hover:bg-primary-hover px-8 h-16 w-full rounded-lg text-lg font-bold tracking-widest uppercase transition-all active:scale-[0.98] bg-primary text-primary-foreground shadow-primary/20 shadow-xl"[31m
        [33mdata-action[31m=[32m"contact"[31m
      [36m>[31m
        [36m<svg[31m
          [33maria-hidden[31m=[32m"true"[31m
          [33mclass[31m=[32m"lucide lucide-message-circle mr-2 h-6 w-6"[31m
          [33mfill[31m=[32m"none"[31m
          [33mheight[31m=[32m"24"[31m
          [33mstroke[31m=[32m"currentColor"[31m
          [33mstroke-linecap[31m=[32m"round"[31m
          [33mstroke-linejoin[31m=[32m"round"[31m
          [33mstroke-width[31m=[32m"2"[31m
          [33mviewBox[31m=[32m"0 0 24 24"[31m
          [33mwidth[31m=[32m"24"[31m
          [33mxmlns[31m=[32m"http://www.w3.org/2000/svg"[31m
        [36m>[31m
          [36m<path[31m
            [33md[31m=[32m"M2.992 16.342a2 2 0 0 1 .094 1.167l-1.065 3.29a1 1 0 0 0 1.236 1.168l3.413-.998a2 2 0 0 1 1.099.092 10 10 0 1 0-4.777-4.719"[31m
          [36m/>[31m
        [36m</svg>[31m
        [0mlisting:contactSeller[0m
      [36m</button>[31m
      [36m<button[31m
        [33mclass[31m=[32m"inline-flex items-center justify-center whitespace-nowrap text-[15px] focus-visible:outline-none focus-visible:ring-2 focus-visible:ring-ring focus-visible:ring-offset-2 disabled:pointer-events-none disabled:opacity-50 active:scale-[0.98] border hover:text-accent-foreground px-8 hover:border-primary/30 border-border bg-muted/40 hover:bg-muted/60 h-16 w-full gap-3 rounded-lg font-bold tracking-widest uppercase transition-all"[31m
        [33mdata-action[31m=[32m"call"[31m
      [36m>[31m
        [36m<svg[31m
          [33maria-hidden[31m=[32m"true"[31m
          [33mclass[31m=[32m"lucide lucide-phone text-primary h-5 w-5"[31m
          [33mfill[31m=[32m"none"[31m
          [33mheight[31m=[32m"24"[31m
          [33mstroke[31m=[32m"currentColor"[31m
          [33mstroke-linecap[31m=[32m"round"[31m
          [33mstroke-linejoin[31m=[32m"round"[31m
          [33mstroke-width[31m=[32m"2"[31m
          [33mviewBox[31m=[32m"0 0 24 24"[31m
          [33mwidth[31m=[32m"24"[31m
          [33mxmlns[31m=[32m"http://www.w3.org/2000/svg"[31m
        [36m>[31m
          [36m<path[31m
            [33md[31m=[32m"M13.832 16.568a1 1 0 0 0 1.213-.303l.355-.465A2 2 0 0 1 17 15h3a2 2 0 0 1 2 2v3a2 2 0 0 1-2 2A18 18 0 0 1 2 4a2 2 0 0 1 2-2h3a2 2 0 0 1 2 2v3a2 2 0 0 1-.8 1.6l-.468.351a1 1 0 0 0-.292 1.233 14 14 0 0 0 6.392 6.384"[31m
          [36m/>[31m
        [36m</svg>[31m
        [0mlisting:callNow[0m
      [36m</button>[31m
    [36m</div>[31m
  [36m</div>[31m
[36m</body>[31m[39m
[90m [2m❯[22m Object.getElementError node_modules/@testing-library/dom/dist/config.js:[2m37:19[22m[39m
[90m [2m❯[22m node_modules/@testing-library/dom/dist/query-helpers.js:[2m76:38[22m[39m
[90m [2m❯[22m node_modules/@testing-library/dom/dist/query-helpers.js:[2m52:17[22m[39m
[90m [2m❯[22m node_modules/@testing-library/dom/dist/query-helpers.js:[2m95:19[22m[39m
[36m [2m❯[22m __tests__/components/listing-action-buttons.test.tsx:[2m65:34[22m[39m
    [90m 63| [39m    )
    [90m 64| [39m
    [90m 65| [39m    [35mconst[39m contactButton [33m=[39m screen[33m.[39m[34mgetByText[39m([32m'Contact Seller'[39m)
    [90m   | [39m                                 [31m^[39m
    [90m 66| [39m    fireEvent[33m.[39m[34mclick[39m(contactButton)
    [90m 67| [39m    [34mexpect[39m(mockHandlers[33m.[39monContact)[33m.[39m[34mtoHaveBeenCalled[39m()

[31m[2m⎯⎯⎯⎯⎯⎯⎯⎯⎯⎯⎯⎯⎯⎯⎯⎯⎯⎯⎯⎯⎯⎯⎯[4/23]⎯[22m[39m

[41m[1m FAIL [22m[49m [30m[42m unit [49m[39m __tests__/components/listing-action-buttons.test.tsx[2m > [22mListingActionButtons[2m > [22mshows loader and disables button when isContacting is true
[31m[1mTestingLibraryElementError[22m: Unable to find an element with the text: Contact Seller. This could be because the text is broken up by multiple elements. In this case, you can provide a function for your text matcher to make your matcher more flexible.

Ignored nodes: comments, script, style
[36m<body>[31m
  [36m<div>[31m
    [36m<div[31m
      [33mclass[31m=[32m"space-y-4"[31m
    [36m>[31m
      [36m<button[31m
        [33mclass[31m=[32m"inline-flex items-center justify-center gap-2 whitespace-nowrap focus-visible:outline-none focus-visible:ring-2 focus-visible:ring-ring focus-visible:ring-offset-2 disabled:pointer-events-none disabled:opacity-50 hover:bg-primary-hover px-8 h-16 w-full rounded-lg text-lg font-bold tracking-widest uppercase transition-all active:scale-[0.98] bg-primary text-primary-foreground shadow-primary/20 shadow-xl"[31m
        [33mdata-action[31m=[32m"contact"[31m
        [33mdisabled[31m=[32m""[31m
      [36m>[31m
        [36m<svg[31m
          [33maria-hidden[31m=[32m"true"[31m
          [33mclass[31m=[32m"lucide lucide-loader-circle mr-2 h-6 w-6 animate-spin"[31m
          [33mfill[31m=[32m"none"[31m
          [33mheight[31m=[32m"24"[31m
          [33mstroke[31m=[32m"currentColor"[31m
          [33mstroke-linecap[31m=[32m"round"[31m
          [33mstroke-linejoin[31m=[32m"round"[31m
          [33mstroke-width[31m=[32m"2"[31m
          [33mviewBox[31m=[32m"0 0 24 24"[31m
          [33mwidth[31m=[32m"24"[31m
          [33mxmlns[31m=[32m"http://www.w3.org/2000/svg"[31m
        [36m>[31m
          [36m<path[31m
            [33md[31m=[32m"M21 12a9 9 0 1 1-6.219-8.56"[31m
          [36m/>[31m
        [36m</svg>[31m
        [0mlisting:contactSeller[0m
      [36m</button>[31m
      [36m<button[31m
        [33mclass[31m=[32m"inline-flex items-center justify-center whitespace-nowrap text-[15px] focus-visible:outline-none focus-visible:ring-2 focus-visible:ring-ring focus-visible:ring-offset-2 disabled:pointer-events-none disabled:opacity-50 active:scale-[0.98] border hover:text-accent-foreground px-8 hover:border-primary/30 border-border bg-muted/40 hover:bg-muted/60 h-16 w-full gap-3 rounded-lg font-bold tracking-widest uppercase transition-all"[31m
        [33mdata-action[31m=[32m"call"[31m
      [36m>[31m
        [36m<svg[31m
          [33maria-hidden[31m=[32m"true"[31m
          [33mclass[31m=[32m"lucide lucide-phone text-primary h-5 w-5"[31m
          [33mfill[31m=[32m"none"[31m
          [33mheight[31m=[32m"24"[31m
          [33mstroke[31m=[32m"currentColor"[31m
          [33mstroke-linecap[31m=[32m"round"[31m
          [33mstroke-linejoin[31m=[32m"round"[31m
          [33mstroke-width[31m=[32m"2"[31m
          [33mviewBox[31m=[32m"0 0 24 24"[31m
          [33mwidth[31m=[32m"24"[31m
          [33mxmlns[31m=[32m"http://www.w3.org/2000/svg"[31m
        [36m>[31m
          [36m<path[31m
            [33md[31m=[32m"M13.832 16.568a1 1 0 0 0 1.213-.303l.355-.465A2 2 0 0 1 17 15h3a2 2 0 0 1 2 2v3a2 2 0 0 1-2 2A18 18 0 0 1 2 4a2 2 0 0 1 2-2h3a2 2 0 0 1 2 2v3a2 2 0 0 1-.8 1.6l-.468.351a1 1 0 0 0-.292 1.233 14 14 0 0 0 6.392 6.384"[31m
          [36m/>[31m
        [36m</svg>[31m
        [0mlisting:callNow[0m
      [36m</button>[31m
    [36m</div>[31m
  [36m</div>[31m
[36m</body>[31m[39m
[90m [2m❯[22m Object.getElementError node_modules/@testing-library/dom/dist/config.js:[2m37:19[22m[39m
[90m [2m❯[22m node_modules/@testing-library/dom/dist/query-helpers.js:[2m76:38[22m[39m
[90m [2m❯[22m node_modules/@testing-library/dom/dist/query-helpers.js:[2m52:17[22m[39m
[90m [2m❯[22m node_modules/@testing-library/dom/dist/query-helpers.js:[2m95:19[22m[39m
[36m [2m❯[22m __tests__/components/listing-action-buttons.test.tsx:[2m81:34[22m[39m
    [90m 79| [39m
    [90m 80| [39m    // The button text is still there, but also an icon. Let's check f…
    [90m 81| [39m    const contactButton = screen.getByText('Contact Seller').closest('…
    [90m   | [39m                                 [31m^[39m
    [90m 82| [39m    [34mexpect[39m(contactButton)[33m.[39m[34mtoBeDisabled[39m()
    [90m 83| [39m  })

[31m[2m⎯⎯⎯⎯⎯⎯⎯⎯⎯⎯⎯⎯⎯⎯⎯⎯⎯⎯⎯⎯⎯⎯⎯[5/23]⎯[22m[39m

[41m[1m FAIL [22m[49m [30m[42m unit [49m[39m __tests__/components/listing-action-buttons.test.tsx[2m > [22mListingActionButtons[2m > [22mcalls onCall when call button is clicked
[31m[1mTestingLibraryElementError[22m: Unable to find an element with the text: Call Now. This could be because the text is broken up by multiple elements. In this case, you can provide a function for your text matcher to make your matcher more flexible.

Ignored nodes: comments, script, style
[36m<body>[31m
  [36m<div>[31m
    [36m<div[31m
      [33mclass[31m=[32m"space-y-4"[31m
    [36m>[31m
      [36m<button[31m
        [33mclass[31m=[32m"inline-flex items-center justify-center gap-2 whitespace-nowrap focus-visible:outline-none focus-visible:ring-2 focus-visible:ring-ring focus-visible:ring-offset-2 disabled:pointer-events-none disabled:opacity-50 hover:bg-primary-hover px-8 h-16 w-full rounded-lg text-lg font-bold tracking-widest uppercase transition-all active:scale-[0.98] bg-primary text-primary-foreground shadow-primary/20 shadow-xl"[31m
        [33mdata-action[31m=[32m"contact"[31m
      [36m>[31m
        [36m<svg[31m
          [33maria-hidden[31m=[32m"true"[31m
          [33mclass[31m=[32m"lucide lucide-message-circle mr-2 h-6 w-6"[31m
          [33mfill[31m=[32m"none"[31m
          [33mheight[31m=[32m"24"[31m
          [33mstroke[31m=[32m"currentColor"[31m
          [33mstroke-linecap[31m=[32m"round"[31m
          [33mstroke-linejoin[31m=[32m"round"[31m
          [33mstroke-width[31m=[32m"2"[31m
          [33mviewBox[31m=[32m"0 0 24 24"[31m
          [33mwidth[31m=[32m"24"[31m
          [33mxmlns[31m=[32m"http://www.w3.org/2000/svg"[31m
        [36m>[31m
          [36m<path[31m
            [33md[31m=[32m"M2.992 16.342a2 2 0 0 1 .094 1.167l-1.065 3.29a1 1 0 0 0 1.236 1.168l3.413-.998a2 2 0 0 1 1.099.092 10 10 0 1 0-4.777-4.719"[31m
          [36m/>[31m
        [36m</svg>[31m
        [0mlisting:contactSeller[0m
      [36m</button>[31m
      [36m<button[31m
        [33mclass[31m=[32m"inline-flex items-center justify-center whitespace-nowrap text-[15px] focus-visible:outline-none focus-visible:ring-2 focus-visible:ring-ring focus-visible:ring-offset-2 disabled:pointer-events-none disabled:opacity-50 active:scale-[0.98] border hover:text-accent-foreground px-8 hover:border-primary/30 border-border bg-muted/40 hover:bg-muted/60 h-16 w-full gap-3 rounded-lg font-bold tracking-widest uppercase transition-all"[31m
        [33mdata-action[31m=[32m"call"[31m
      [36m>[31m
        [36m<svg[31m
          [33maria-hidden[31m=[32m"true"[31m
          [33mclass[31m=[32m"lucide lucide-phone text-primary h-5 w-5"[31m
          [33mfill[31m=[32m"none"[31m
          [33mheight[31m=[32m"24"[31m
          [33mstroke[31m=[32m"currentColor"[31m
          [33mstroke-linecap[31m=[32m"round"[31m
          [33mstroke-linejoin[31m=[32m"round"[31m
          [33mstroke-width[31m=[32m"2"[31m
          [33mviewBox[31m=[32m"0 0 24 24"[31m
          [33mwidth[31m=[32m"24"[31m
          [33mxmlns[31m=[32m"http://www.w3.org/2000/svg"[31m
        [36m>[31m
          [36m<path[31m
            [33md[31m=[32m"M13.832 16.568a1 1 0 0 0 1.213-.303l.355-.465A2 2 0 0 1 17 15h3a2 2 0 0 1 2 2v3a2 2 0 0 1-2 2A18 18 0 0 1 2 4a2 2 0 0 1 2-2h3a2 2 0 0 1 2 2v3a2 2 0 0 1-.8 1.6l-.468.351a1 1 0 0 0-.292 1.233 14 14 0 0 0 6.392 6.384"[31m
          [36m/>[31m
        [36m</svg>[31m
        [0mlisting:callNow[0m
      [36m</button>[31m
    [36m</div>[31m
  [36m</div>[31m
[36m</body>[31m[39m
[90m [2m❯[22m Object.getElementError node_modules/@testing-library/dom/dist/config.js:[2m37:19[22m[39m
[90m [2m❯[22m node_modules/@testing-library/dom/dist/query-helpers.js:[2m76:38[22m[39m
[90m [2m❯[22m node_modules/@testing-library/dom/dist/query-helpers.js:[2m52:17[22m[39m
[90m [2m❯[22m node_modules/@testing-library/dom/dist/query-helpers.js:[2m95:19[22m[39m
[36m [2m❯[22m __tests__/components/listing-action-buttons.test.tsx:[2m109:31[22m[39m
    [90m107| [39m
    [90m108| [39m    [90m// Find by text 'Call Now'[39m
    [90m109| [39m    [35mconst[39m callButton [33m=[39m screen[33m.[39m[34mgetByText[39m([32m'Call Now'[39m)[33m.[39m[34mclosest[39m([32m'button'[39m)
    [90m   | [39m                              [31m^[39m
    [90m110| [39m    [35mif[39m (callButton) fireEvent[33m.[39m[34mclick[39m(callButton)
    [90m111| [39m    [34mexpect[39m(mockHandlers[33m.[39monCall)[33m.[39m[34mtoHaveBeenCalled[39m()

[31m[2m⎯⎯⎯⎯⎯⎯⎯⎯⎯⎯⎯⎯⎯⎯⎯⎯⎯⎯⎯⎯⎯⎯⎯[6/23]⎯[22m[39m

[41m[1m FAIL [22m[49m [30m[42m unit [49m[39m __tests__/components/listing-card.test.tsx[2m > [22mListingCard[2m > [22mrenders a link to the listing details
[31m[1mError[22m: [2mexpect([22m[31melement[31m[2m).toHaveAttribute([22m[32m[32m"href"[32m[31m[2m, [22m[32m[32m"/listings/1"[32m[31m[2m) // element.getAttribute("href") === "/listings/1"[22m

Expected the element to have attribute:
[32m  href="/listings/1"[31m
Received:
[31m  href="/en/listings/1"[31m[39m
[36m [2m❯[22m __tests__/components/listing-card.test.tsx:[2m130:18[22m[39m
    [90m128| [39m    [34mrender[39m([33m<[39m[33mListingCard[39m [33mlisting[39m[33m=[39m[33m{[39mmockListing[33m}[39m [33m/[39m[33m>[39m)
    [90m129| [39m    [35mconst[39m link [33m=[39m screen[33m.[39m[34mgetByRole[39m([32m'link'[39m)
    [90m130| [39m    [34mexpect[39m(link)[33m.[39m[34mtoHaveAttribute[39m([32m'href'[39m[33m,[39m [32m'/listings/1'[39m)
    [90m   | [39m                 [31m^[39m
    [90m131| [39m  })
    [90m132| [39m

[31m[2m⎯⎯⎯⎯⎯⎯⎯⎯⎯⎯⎯⎯⎯⎯⎯⎯⎯⎯⎯⎯⎯⎯⎯[7/23]⎯[22m[39m

[41m[1m FAIL [22m[49m [30m[42m unit [49m[39m __tests__/components/step-category.test.tsx[2m > [22mStepCategory[2m > [22mcalls updateField when condition is clicked
[31m[1mTestingLibraryElementError[22m[39m: Unable to find an element with the text: New. This could be because the text is broken up by multiple elements. In this case, you can provide a function for your text matcher to make your matcher more flexible.

Ignored nodes: comments, script, style
[36m<body>[39m
  [36m<div>[39m
    [36m<div[39m
      [33mclass[39m=[32m"animate-in fade-in slide-in-from-right-8 space-y-8 duration-500"[39m
    [36m>[39m
      [36m<div[39m
        [33mclass[39m=[32m"space-y-2.5"[39m
      [36m>[39m
        [36m<div[39m
          [33mclass[39m=[32m"flex items-center justify-between px-1"[39m
        [36m>[39m
          [36m<label[39m
            [33mclass[39m=[32m"peer-disabled:cursor-not-allowed peer-disabled:opacity-70 text-muted-foreground/80 text-[10px] font-bold tracking-[0.2em] uppercase"[39m
          [36m>[39m
            [0mcategory[0m
          [36m</label>[39m
        [36m</div>[39m
        [36m<div[39m
          [33mclass[39m=[32m"group relative"[39m
        [36m>[39m
          [36m<div[39m
            [33mclass[39m=[32m"grid grid-cols-2 gap-4 sm:grid-cols-3 md:grid-cols-4"[39m
          [36m>[39m
            [36m<button[39m
              [33mclass[39m=[32m"group relative flex flex-col items-center gap-3 rounded-lg border p-4 transition-all active:scale-95 md:p-6 border-border bg-card hover:border-primary/50 hover:bg-accent/50"[39m
              [33mtype[39m=[32m"button"[39m
            [36m>[39m
              [36m<div[39m
                [33mclass[39m=[32m"flex h-12 w-12 items-center justify-center rounded-lg transition-transform group-hover:scale-110 md:h-16 md:w-16 bg-muted text-muted-foreground group-hover:bg-primary/20 group-hover:text-primary"[39m
              [36m>[39m
                [36m<svg[39m
                  [33maria-hidden[39m=[32m"true"[39m
                  [33mclass[39m=[32m"lucide lucide-package h-6 w-6 md:h-8 md:w-8"[39m
                  [33mfill[39m=[32m"none"[39m
                  [33mheight[39m=[32m"24"[39m
                  [33mstroke[39m=[32m"currentColor"[39m
                  [33mstroke-linecap[39m=[32m"round"[39m
                  [33mstroke-linejoin[39m=[32m"round"[39m
                  [33mstroke-width[39m=[32m"2"[39m
                  [33mviewBox[39m=[32m"0 0 24 24"[39m
                  [33mwidth[39m=[32m"24"[39m
                  [33mxmlns[39m=[32m"http://www.w3.org/2000/svg"[39m
                [36m>[39m
                  [36m<path[39m
                    [33md[39m=[32m"M11 21.73a2 2 0 0 0 2 0l7-4A2 2 0 0 0 21 16V8a2 2 0 0 0-1-1.73l-7-4a2 2 0 0 0-2 0l-7 4A2 2 0 0 0 3 8v8a2 2 0 0 0 1 1.73z"[39m
                  [36m/>[39m
                  [36m<path[39m
                    [33md[39m=[32m"M12 22V12"[39m
                  [36m/>[39m
                  [36m<polyline[39m
                    [33mpoints[39m=[32m"3.29 7 12 12 20.71 7"[39m
                  [36m/>[39m
                  [36m<path[39m
                    [33md[39m=[32m"m7.5 4.27 9 5.15"[39m
                  [36m/>[39m
                [36m</svg>[39m
              [36m</div>[39m
              [36m<span[39m
                [33mclass[39m=[32m"text-center text-xs font-bold transition-colors md:text-sm text-muted-foreground group-hover:text-foreground"[39m
              [36m>[39m
                [0mElectronics[0m
              [36m</span>[39m
            [36m</button>[39m
            [36m<button[39m
              [33mclass[39m=[32m"group relative flex flex-col items-center gap-3 rounded-lg border p-4 transition-all active:scale-95 md:p-6 border-border bg-card hover:border-primary/50 hover:bg-accent/50"[39m
              [33mtype[39m=[32m"button"[39m
            [36m>[39m
              [36m<div[39m
                [33mclass[39m=[32m"flex h-12 w-12 items-center justify-center rounded-lg transition-transform group-hover:scale-110 md:h-16 md:w-16 bg-muted text-muted-foreground group-hover:bg-primary/20 group-hover:text-primary"[39m
              [36m>[39m
                [36m<svg[39m
                  [33maria-hidden[39m=[32m"true"[39m
                  [33mclass[39m=[32m"lucide lucide-package h-6 w-6 md:h-8 md:w-8"[39m
                  [33mfill[39m=[32m"none"[39m
                  [33mheight[39m=[32m"24"[39m
                  [33mstroke[39m=[32m"currentColor"[39m
                  [33mstroke-linecap[39m=[32m"round"[39m
                  [33mstroke-linejoin[39m=[32m"round"[39m
                  [33mstroke-width[39m=[32m"2"[39m
                  [33mviewBox[39m=[32m"0 0 24 24"[39m
                  [33mwidth[39m=[32m"24"[39m
                  [33mxmlns[39m=[32m"http://www.w3.org/2000/svg"[39m
                [36m>[39m
                  [36m<path[39m
                    [33md[39m=[32m"M11 21.73a2 2 0 0 0 2 0l7-4A2 2 0 0 0 21 16V8a2 2 0 0 0-1-1.73l-7-4a2 2 0 0 0-2 0l-7 4A2 2 0 0 0 3 8v8a2 2 0 0 0 1 1.73z"[39m
                  [36m/>[39m
                  [36m<path[39m
                    [33md[39m=[32m"M12 22V12"[39m
                  [36m/>[39m
                  [36m<polyline[39m
                    [33mpoints[39m=[32m"3.29 7 12 12 20.71 7"[39m
                  [36m/>[39m
                  [36m<path[39m
                    [33md[39m=[32m"m7.5 4.27 9 5.15"[39m
                  [36m/>[39m
                [36m</svg>[39m
              [36m</div>[39m
              [36m<span[39m
                [33mclass[39m=[32m"text-center text-xs font-bold transition-colors md:text-sm text-muted-foreground group-hover:text-foreground"[39m
              [36m>[39m
                [0mFashion[0m
              [36m</span>[39m
            [36m</button>[39m
          [36m</div>[39m
        [36m</div>[39m
      [36m</div>[39m
      [36m<div[39m
        [33mclass[39m=[32m"space-y-2.5"[39m
      [36m>[39m
        [36m<div[39m
          [33mclass[39m=[32m"flex items-center justify-between px-1"[39m
        [36m>[39m
          [36m<label[39m
            [33mclass[39m=[32m"peer-disabled:cursor-not-allowed peer-disabled:opacity-70 text-muted-foreground/80 text-[10px] font-bold tracking-[0.2em] uppercase"[39m
          [36m>[39m
            [0mcondition[0m
          [36m</label>[39m
        [36m</div>[39m
        [36m<div[39m
          [33mclass[39m=[32m"group relative"[39m
        [36m>[39m
          [36m<div[39m
            [33mclass[39m=[32m"bg-muted/50 border-border flex gap-2 rounded-lg border p-1"[39m
          [36m>[39m
            [36m<button[39m
              [33mclass[39m=[32m"flex-1 rounded-lg py-3 text-sm font-bold tracking-wide uppercase transition-all duration-300 text-muted-foreground hover:bg-background/50 hover:text-foreground"[39m
              [33mtype[39m=[32m"button"[39m
            [36m>[39m
              [0mfilters:new[0m
            [36m</button>[39m
            [36m<button[39m
              [33mclass[39m=[32m"flex-1 rounded-lg py-3 text-sm font-bold tracking-wide uppercase transition-all duration-300 bg-background text-foreground shadow-sm"[39m
              [33mtype[39m=[32m"button"[39m
            [36m>[39m
              [0mfilters:used[0m
            [36m</button>[39m
          [36m</div>[39m
        [36m</div>[39m
      [36m</div>[39m
    [36m</div>[39m
  [36m</div>[39m
[36m</body>[39m
[90m [2m❯[22m Object.getElementError node_modules/@testing-library/dom/dist/config.js:[2m37:19[22m[39m
[90m [2m❯[22m node_modules/@testing-library/dom/dist/query-helpers.js:[2m76:38[22m[39m
[90m [2m❯[22m node_modules/@testing-library/dom/dist/query-helpers.js:[2m52:17[22m[39m
[90m [2m❯[22m node_modules/@testing-library/dom/dist/query-helpers.js:[2m95:19[22m[39m
[36m [2m❯[22m __tests__/components/step-category.test.tsx:[2m51:28[22m[39m
    [90m 49| [39m    render(<StepCategory {...defaultProps} updateField={updateField} /…
    [90m 50| [39m
    [90m 51| [39m    fireEvent[33m.[39m[34mclick[39m(screen[33m.[39m[34mgetByText[39m([32m'New'[39m)[33m.[39m[34mclosest[39m([32m'button'[39m)[33m![39m)
    [90m   | [39m                           [31m^[39m
    [90m 52| [39m    [34mexpect[39m(updateField)[33m.[39m[34mtoHaveBeenCalledWith[39m([32m'condition'[39m[33m,[39m [32m'new'[39m)
    [90m 53| [39m  })

[31m[2m⎯⎯⎯⎯⎯⎯⎯⎯⎯⎯⎯⎯⎯⎯⎯⎯⎯⎯⎯⎯⎯⎯⎯[8/23]⎯[22m[39m

[41m[1m FAIL [22m[49m [30m[42m unit [49m[39m __tests__/components/step-category.test.tsx[2m > [22mStepCategory[2m > [22mhighlights selected category
[31m[1mError[22m: [2mexpect([22m[31melement[31m[2m).toHaveClass([22m[32m[32m"bg-primary"[32m[31m[2m)[22m

Expected the element to have class:
[32m  bg-primary[31m
Received:
[31m  group relative flex flex-col items-center gap-3 rounded-lg border p-4 transition-all active:scale-95 md:p-6 border-primary bg-primary/10 ring-primary/10 ring-2[31m[39m
[36m [2m❯[22m __tests__/components/step-category.test.tsx:[2m73:20[22m[39m
    [90m 71| [39m    )
    [90m 72| [39m    [35mconst[39m button [33m=[39m screen[33m.[39m[34mgetByText[39m([32m'Electronics'[39m)[33m.[39m[34mclosest[39m([32m'button'[39m)
    [90m 73| [39m    [34mexpect[39m(button)[33m.[39m[34mtoHaveClass[39m([32m'bg-primary'[39m)
    [90m   | [39m                   [31m^[39m
    [90m 74| [39m  })
    [90m 75| [39m})

[31m[2m⎯⎯⎯⎯⎯⎯⎯⎯⎯⎯⎯⎯⎯⎯⎯⎯⎯⎯⎯⎯⎯⎯⎯[9/23]⎯[22m[39m

[41m[1m FAIL [22m[49m [30m[42m unit [49m[39m __tests__/components/step-details.test.tsx[2m > [22mStepDetails[2m > [22mrenders all form fields
[31m[1mTestingLibraryElementError[22m[39m: Unable to find an element with the placeholder text of: /iPhone 13/i

Ignored nodes: comments, script, style
[36m<body>[39m
  [36m<div>[39m
    [36m<div[39m
      [33mclass[39m=[32m"animate-in fade-in slide-in-from-right-8 space-y-8 duration-500"[39m
    [36m>[39m
      [36m<div[39m
        [33mclass[39m=[32m"space-y-2.5"[39m
      [36m>[39m
        [36m<div[39m
          [33mclass[39m=[32m"flex items-center justify-between px-1"[39m
        [36m>[39m
          [36m<label[39m
            [33mclass[39m=[32m"peer-disabled:cursor-not-allowed peer-disabled:opacity-70 text-muted-foreground/80 text-[10px] font-bold tracking-[0.2em] uppercase"[39m
            [33mfor[39m=[32m"_r_0_"[39m
          [36m>[39m
            [0mitemTitle[0m
          [36m</label>[39m
        [36m</div>[39m
        [36m<div[39m
          [33mclass[39m=[32m"group relative"[39m
        [36m>[39m
          [36m<input[39m
            [33mclass[39m=[32m"placeholder:text-muted-foreground/30 w-full rounded-lg border bg-card transition-all outline-none focus:border-primary focus:ring-primary/10 focus:bg-accent/5 focus:ring-4 border-border hover:border-primary/50 h-16 px-6 text-xl font-bold"[39m
            [33mid[39m=[32m"_r_0_"[39m
            [33mplaceholder[39m=[32m"titlePlaceholder"[39m
            [33mvalue[39m=[32m""[39m
          [36m/>[39m
        [36m</div>[39m
        [36m<p[39m
          [33mclass[39m=[32m"text-muted-foreground/50 px-1 text-xs"[39m
        [36m>[39m
          [0mWrite a clear, descriptive title for your item[0m
        [36m</p>[39m
      [36m</div>[39m
      [36m<div[39m
        [33mclass[39m=[32m"flex flex-col gap-6 md:flex-row"[39m
      [36m>[39m
        [36m<div[39m
          [33mclass[39m=[32m"space-y-2.5 flex-1"[39m
        [36m>[39m
          [36m<div[39m
            [33mclass[39m=[32m"flex items-center justify-between px-1"[39m
          [36m>[39m
            [36m<label[39m
              [33mclass[39m=[32m"peer-disabled:cursor-not-allowed peer-disabled:opacity-70 text-muted-foreground/80 text-[10px] font-bold tracking-[0.2em] uppercase"[39m
              [33mfor[39m=[32m"_r_1_"[39m
            [36m>[39m
              [0mprice[0m
            [36m</label>[39m
          [36m</div>[39m
          [36m<div[39m
            [33mclass[39m=[32m"group relative"[39m
          [36m>[39m
            [36m<div[39m
              [33mclass[39m=[32m"relative"[39m
            [36m>[39m
              [36m<span[39m
                [33mclass[39m=[32m"text-muted-foreground absolute top-1/2 left-6 -translate-y-1/2 text-xl font-bold"[39m
              [36m>[39m
                [0m€[0m
              [36m</span>[39m
              [36m<input[39m
                [33mclass[39m=[32m"placeholder:text-muted-foreground/30 w-full rounded-lg border bg-card transition-all outline-none focus:border-primary focus:ring-primary/10 focus:bg-accent/5 focus:ring-4 border-border hover:border-primary/50 h-16 pr-6 pl-12 text-2xl font-bold tracking-tight"[39m
                [33mid[39m=[32m"_r_1_"[39m
                [33mplaceholder[39m=[32m"0"[39m
                [33mtype[39m=[32m"number"[39m
                [33mvalue[39m=[32m""[39m
              [36m/>[39m
            [36m</div>[39m
          [36m</div>[39m
        [36m</div>[39m
        [36m<div[39m
          [33mclass[39m=[32m"pointer-events-none w-full space-y-2.5 opacity-50 grayscale md:w-32"[39m
        [36m>[39m
          [36m<label[39m
            [33mclass[39m=[32m"text-muted-foreground/80 ml-1 text-[10px] font-bold tracking-[0.2em] uppercase"[39m
          [36m>[39m
            [0mcurrency[0m
          [36m</label>[39m
          [36m<div[39m
            [33mclass[39m=[32m"text-muted-foreground border-border bg-muted/50 flex h-16 items-center justify-center rounded-lg border font-bold"[39m
          [36m>[39m
            [0mEUR[0m
          [36m</div>[39m
        [36m</div>[39m
      [36m</div>[39m
      [36m<div[39m
        [33mclass[39m=[32m"space-y-2.5"[39m
      [36m>[39m
        [36m<div[39m
          [33mclass[39m=[32m"flex items-center justify-between px-1"[39m
        [36m>[39m
          [36m<label[39m
            [33mclass[39m=[32m"peer-disabled:cursor-not-allowed peer-disabled:opacity-70 text-muted-foreground/80 text-[10px] font-bold tracking-[0.2em] uppercase"[39m
            [33mfor[39m=[32m"_r_2_"[39m
          [36m>[39m
            [0mdescription[0m
          [36m</label>[39m
        [36m</div>[39m
        [36m<div[39m
          [33mclass[39m=[32m"group relative"[39m
        [36m>[39m
          [36m<textarea[39m
            [33mclass[39m=[32m"placeholder:text-muted-foreground/30 w-full rounded-lg border bg-card transition-all outline-none focus:border-primary focus:ring-primary/10 focus:bg-accent/5 focus:ring-4 border-border hover:border-primary/50 h-48 resize-none p-6 text-lg leading-relaxed"[39m
            [33mid[39m=[32m"_r_2_"[39m
            [33mplaceholder[39m=[32m"descPlaceholder"[39m
          [36m/>[39m
        [36m</div>[39m
      [36m</div>[39m
      [36m<div[39m
        [33mclass[39m=[32m"space-y-2.5"[39m
      [36m>[39m
        [36m<div[39m
          [33mclass[39m=[32m"flex items-center justify-between px-1"[39m
        [36m>[39m
          [36m<label[39m
            [33mclass[39m=[32m"peer-disabled:cursor-not-allowed peer-disabled:opacity-70 text-muted-foreground/80 text-[10px] font-bold tracking-[0.2em] uppercase"[39m
            [33mfor[39m=[32m"_r_3_"[39m
          [36m>[39m
            [0mlocation[0m
          [36m</label>[39m
        [36m</div>[39m
        [36m<div[39m
          [33mclass[39m=[32m"group relative"[39m
        [36m>[39m
          [36m<input[39m
            [33mdata-testid[39m=[32m"location-input"[39m
            [33mplaceholder[39m=[32m"locationPlaceholder"[39m
            [33mvalue[39m=[32m""[39m
          [36m/>[39m
        [36m</div>[39m
      [36m</div>[39m
    [36m</div>[39m
  [36m</div>[39m
[36m</body>[39m
[90m [2m❯[22m Object.getElementError node_modules/@testing-library/dom/dist/config.js:[2m37:19[22m[39m
[90m [2m❯[22m node_modules/@testing-library/dom/dist/query-helpers.js:[2m76:38[22m[39m
[90m [2m❯[22m node_modules/@testing-library/dom/dist/query-helpers.js:[2m52:17[22m[39m
[90m [2m❯[22m node_modules/@testing-library/dom/dist/query-helpers.js:[2m95:19[22m[39m
[36m [2m❯[22m __tests__/components/step-details.test.tsx:[2m43:19[22m[39m
    [90m 41| [39m  [34mit[39m([32m'renders all form fields'[39m[33m,[39m () [33m=>[39m {
    [90m 42| [39m    [34mrender[39m([33m<[39m[33mStepDetails[39m [33m{[39m[33m...[39mdefaultProps[33m}[39m [33m/[39m[33m>[39m)
    [90m 43| [39m    expect(screen.getByPlaceholderText(/iPhone 13/i)).toBeInTheDocumen…
    [90m   | [39m                  [31m^[39m
    [90m 44| [39m    [34mexpect[39m(screen[33m.[39m[34mgetByPlaceholderText[39m([32m'0.00'[39m))[33m.[39m[34mtoBeInTheDocument[39m()
    [90m 45| [39m    [34mexpect[39m(

[31m[2m⎯⎯⎯⎯⎯⎯⎯⎯⎯⎯⎯⎯⎯⎯⎯⎯⎯⎯⎯⎯⎯⎯[10/23]⎯[22m[39m

[41m[1m FAIL [22m[49m [30m[42m unit [49m[39m __tests__/components/step-details.test.tsx[2m > [22mStepDetails[2m > [22mcalls updateField when title changes
[31m[1mTestingLibraryElementError[22m[39m: Unable to find an element with the placeholder text of: /iPhone 13/i

Ignored nodes: comments, script, style
[36m<body>[39m
  [36m<div>[39m
    [36m<div[39m
      [33mclass[39m=[32m"animate-in fade-in slide-in-from-right-8 space-y-8 duration-500"[39m
    [36m>[39m
      [36m<div[39m
        [33mclass[39m=[32m"space-y-2.5"[39m
      [36m>[39m
        [36m<div[39m
          [33mclass[39m=[32m"flex items-center justify-between px-1"[39m
        [36m>[39m
          [36m<label[39m
            [33mclass[39m=[32m"peer-disabled:cursor-not-allowed peer-disabled:opacity-70 text-muted-foreground/80 text-[10px] font-bold tracking-[0.2em] uppercase"[39m
            [33mfor[39m=[32m"_r_4_"[39m
          [36m>[39m
            [0mitemTitle[0m
          [36m</label>[39m
        [36m</div>[39m
        [36m<div[39m
          [33mclass[39m=[32m"group relative"[39m
        [36m>[39m
          [36m<input[39m
            [33mclass[39m=[32m"placeholder:text-muted-foreground/30 w-full rounded-lg border bg-card transition-all outline-none focus:border-primary focus:ring-primary/10 focus:bg-accent/5 focus:ring-4 border-border hover:border-primary/50 h-16 px-6 text-xl font-bold"[39m
            [33mid[39m=[32m"_r_4_"[39m
            [33mplaceholder[39m=[32m"titlePlaceholder"[39m
            [33mvalue[39m=[32m""[39m
          [36m/>[39m
        [36m</div>[39m
        [36m<p[39m
          [33mclass[39m=[32m"text-muted-foreground/50 px-1 text-xs"[39m
        [36m>[39m
          [0mWrite a clear, descriptive title for your item[0m
        [36m</p>[39m
      [36m</div>[39m
      [36m<div[39m
        [33mclass[39m=[32m"flex flex-col gap-6 md:flex-row"[39m
      [36m>[39m
        [36m<div[39m
          [33mclass[39m=[32m"space-y-2.5 flex-1"[39m
        [36m>[39m
          [36m<div[39m
            [33mclass[39m=[32m"flex items-center justify-between px-1"[39m
          [36m>[39m
            [36m<label[39m
              [33mclass[39m=[32m"peer-disabled:cursor-not-allowed peer-disabled:opacity-70 text-muted-foreground/80 text-[10px] font-bold tracking-[0.2em] uppercase"[39m
              [33mfor[39m=[32m"_r_5_"[39m
            [36m>[39m
              [0mprice[0m
            [36m</label>[39m
          [36m</div>[39m
          [36m<div[39m
            [33mclass[39m=[32m"group relative"[39m
          [36m>[39m
            [36m<div[39m
              [33mclass[39m=[32m"relative"[39m
            [36m>[39m
              [36m<span[39m
                [33mclass[39m=[32m"text-muted-foreground absolute top-1/2 left-6 -translate-y-1/2 text-xl font-bold"[39m
              [36m>[39m
                [0m€[0m
              [36m</span>[39m
              [36m<input[39m
                [33mclass[39m=[32m"placeholder:text-muted-foreground/30 w-full rounded-lg border bg-card transition-all outline-none focus:border-primary focus:ring-primary/10 focus:bg-accent/5 focus:ring-4 border-border hover:border-primary/50 h-16 pr-6 pl-12 text-2xl font-bold tracking-tight"[39m
                [33mid[39m=[32m"_r_5_"[39m
                [33mplaceholder[39m=[32m"0"[39m
                [33mtype[39m=[32m"number"[39m
                [33mvalue[39m=[32m""[39m
              [36m/>[39m
            [36m</div>[39m
          [36m</div>[39m
        [36m</div>[39m
        [36m<div[39m
          [33mclass[39m=[32m"pointer-events-none w-full space-y-2.5 opacity-50 grayscale md:w-32"[39m
        [36m>[39m
          [36m<label[39m
            [33mclass[39m=[32m"text-muted-foreground/80 ml-1 text-[10px] font-bold tracking-[0.2em] uppercase"[39m
          [36m>[39m
            [0mcurrency[0m
          [36m</label>[39m
          [36m<div[39m
            [33mclass[39m=[32m"text-muted-foreground border-border bg-muted/50 flex h-16 items-center justify-center rounded-lg border font-bold"[39m
          [36m>[39m
            [0mEUR[0m
          [36m</div>[39m
        [36m</div>[39m
      [36m</div>[39m
      [36m<div[39m
        [33mclass[39m=[32m"space-y-2.5"[39m
      [36m>[39m
        [36m<div[39m
          [33mclass[39m=[32m"flex items-center justify-between px-1"[39m
        [36m>[39m
          [36m<label[39m
            [33mclass[39m=[32m"peer-disabled:cursor-not-allowed peer-disabled:opacity-70 text-muted-foreground/80 text-[10px] font-bold tracking-[0.2em] uppercase"[39m
            [33mfor[39m=[32m"_r_6_"[39m
          [36m>[39m
            [0mdescription[0m
          [36m</label>[39m
        [36m</div>[39m
        [36m<div[39m
          [33mclass[39m=[32m"group relative"[39m
        [36m>[39m
          [36m<textarea[39m
            [33mclass[39m=[32m"placeholder:text-muted-foreground/30 w-full rounded-lg border bg-card transition-all outline-none focus:border-primary focus:ring-primary/10 focus:bg-accent/5 focus:ring-4 border-border hover:border-primary/50 h-48 resize-none p-6 text-lg leading-relaxed"[39m
            [33mid[39m=[32m"_r_6_"[39m
            [33mplaceholder[39m=[32m"descPlaceholder"[39m
          [36m/>[39m
        [36m</div>[39m
      [36m</div>[39m
      [36m<div[39m
        [33mclass[39m=[32m"space-y-2.5"[39m
      [36m>[39m
        [36m<div[39m
          [33mclass[39m=[32m"flex items-center justify-between px-1"[39m
        [36m>[39m
          [36m<label[39m
            [33mclass[39m=[32m"peer-disabled:cursor-not-allowed peer-disabled:opacity-70 text-muted-foreground/80 text-[10px] font-bold tracking-[0.2em] uppercase"[39m
            [33mfor[39m=[32m"_r_7_"[39m
          [36m>[39m
            [0mlocation[0m
          [36m</label>[39m
        [36m</div>[39m
        [36m<div[39m
          [33mclass[39m=[32m"group relative"[39m
        [36m>[39m
          [36m<input[39m
            [33mdata-testid[39m=[32m"location-input"[39m
            [33mplaceholder[39m=[32m"locationPlaceholder"[39m
            [33mvalue[39m=[32m""[39m
          [36m/>[39m
        [36m</div>[39m
      [36m</div>[39m
    [36m</div>[39m
  [36m</div>[39m
[36m</body>[39m
[90m [2m❯[22m Object.getElementError node_modules/@testing-library/dom/dist/config.js:[2m37:19[22m[39m
[90m [2m❯[22m node_modules/@testing-library/dom/dist/query-helpers.js:[2m76:38[22m[39m
[90m [2m❯[22m node_modules/@testing-library/dom/dist/query-helpers.js:[2m52:17[22m[39m
[90m [2m❯[22m node_modules/@testing-library/dom/dist/query-helpers.js:[2m95:19[22m[39m
[36m [2m❯[22m __tests__/components/step-details.test.tsx:[2m55:26[22m[39m
    [90m 53| [39m    [34mrender[39m([33m<[39m[33mStepDetails[39m [33m{[39m[33m...[39mdefaultProps[33m}[39m [33mupdateField[39m[33m=[39m[33m{[39mupdateField[33m}[39m [33m/[39m[33m>[39m)
    [90m 54| [39m
    [90m 55| [39m    [35mconst[39m input [33m=[39m screen[33m.[39m[34mgetByPlaceholderText[39m([36m/iPhone 13/i[39m)
    [90m   | [39m                         [31m^[39m
    [90m 56| [39m    fireEvent[33m.[39m[34mchange[39m(input[33m,[39m { target[33m:[39m { value[33m:[39m [32m'Test Title'[39m } })
    [90m 57| [39m    [34mexpect[39m(updateField)[33m.[39m[34mtoHaveBeenCalledWith[39m([32m'title'[39m[33m,[39m [32m'Test Title'[39m)

[31m[2m⎯⎯⎯⎯⎯⎯⎯⎯⎯⎯⎯⎯⎯⎯⎯⎯⎯⎯⎯⎯⎯⎯[11/23]⎯[22m[39m

[41m[1m FAIL [22m[49m [30m[42m unit [49m[39m __tests__/components/step-details.test.tsx[2m > [22mStepDetails[2m > [22mcalls updateField when price changes
[31m[1mTestingLibraryElementError[22m[39m: Unable to find an element with the placeholder text of: 0.00

Ignored nodes: comments, script, style
[36m<body>[39m
  [36m<div>[39m
    [36m<div[39m
      [33mclass[39m=[32m"animate-in fade-in slide-in-from-right-8 space-y-8 duration-500"[39m
    [36m>[39m
      [36m<div[39m
        [33mclass[39m=[32m"space-y-2.5"[39m
      [36m>[39m
        [36m<div[39m
          [33mclass[39m=[32m"flex items-center justify-between px-1"[39m
        [36m>[39m
          [36m<label[39m
            [33mclass[39m=[32m"peer-disabled:cursor-not-allowed peer-disabled:opacity-70 text-muted-foreground/80 text-[10px] font-bold tracking-[0.2em] uppercase"[39m
            [33mfor[39m=[32m"_r_8_"[39m
          [36m>[39m
            [0mitemTitle[0m
          [36m</label>[39m
        [36m</div>[39m
        [36m<div[39m
          [33mclass[39m=[32m"group relative"[39m
        [36m>[39m
          [36m<input[39m
            [33mclass[39m=[32m"placeholder:text-muted-foreground/30 w-full rounded-lg border bg-card transition-all outline-none focus:border-primary focus:ring-primary/10 focus:bg-accent/5 focus:ring-4 border-border hover:border-primary/50 h-16 px-6 text-xl font-bold"[39m
            [33mid[39m=[32m"_r_8_"[39m
            [33mplaceholder[39m=[32m"titlePlaceholder"[39m
            [33mvalue[39m=[32m""[39m
          [36m/>[39m
        [36m</div>[39m
        [36m<p[39m
          [33mclass[39m=[32m"text-muted-foreground/50 px-1 text-xs"[39m
        [36m>[39m
          [0mWrite a clear, descriptive title for your item[0m
        [36m</p>[39m
      [36m</div>[39m
      [36m<div[39m
        [33mclass[39m=[32m"flex flex-col gap-6 md:flex-row"[39m
      [36m>[39m
        [36m<div[39m
          [33mclass[39m=[32m"space-y-2.5 flex-1"[39m
        [36m>[39m
          [36m<div[39m
            [33mclass[39m=[32m"flex items-center justify-between px-1"[39m
          [36m>[39m
            [36m<label[39m
              [33mclass[39m=[32m"peer-disabled:cursor-not-allowed peer-disabled:opacity-70 text-muted-foreground/80 text-[10px] font-bold tracking-[0.2em] uppercase"[39m
              [33mfor[39m=[32m"_r_9_"[39m
            [36m>[39m
              [0mprice[0m
            [36m</label>[39m
          [36m</div>[39m
          [36m<div[39m
            [33mclass[39m=[32m"group relative"[39m
          [36m>[39m
            [36m<div[39m
              [33mclass[39m=[32m"relative"[39m
            [36m>[39m
              [36m<span[39m
                [33mclass[39m=[32m"text-muted-foreground absolute top-1/2 left-6 -translate-y-1/2 text-xl font-bold"[39m
              [36m>[39m
                [0m€[0m
              [36m</span>[39m
              [36m<input[39m
                [33mclass[39m=[32m"placeholder:text-muted-foreground/30 w-full rounded-lg border bg-card transition-all outline-none focus:border-primary focus:ring-primary/10 focus:bg-accent/5 focus:ring-4 border-border hover:border-primary/50 h-16 pr-6 pl-12 text-2xl font-bold tracking-tight"[39m
                [33mid[39m=[32m"_r_9_"[39m
                [33mplaceholder[39m=[32m"0"[39m
                [33mtype[39m=[32m"number"[39m
                [33mvalue[39m=[32m""[39m
              [36m/>[39m
            [36m</div>[39m
          [36m</div>[39m
        [36m</div>[39m
        [36m<div[39m
          [33mclass[39m=[32m"pointer-events-none w-full space-y-2.5 opacity-50 grayscale md:w-32"[39m
        [36m>[39m
          [36m<label[39m
            [33mclass[39m=[32m"text-muted-foreground/80 ml-1 text-[10px] font-bold tracking-[0.2em] uppercase"[39m
          [36m>[39m
            [0mcurrency[0m
          [36m</label>[39m
          [36m<div[39m
            [33mclass[39m=[32m"text-muted-foreground border-border bg-muted/50 flex h-16 items-center justify-center rounded-lg border font-bold"[39m
          [36m>[39m
            [0mEUR[0m
          [36m</div>[39m
        [36m</div>[39m
      [36m</div>[39m
      [36m<div[39m
        [33mclass[39m=[32m"space-y-2.5"[39m
      [36m>[39m
        [36m<div[39m
          [33mclass[39m=[32m"flex items-center justify-between px-1"[39m
        [36m>[39m
          [36m<label[39m
            [33mclass[39m=[32m"peer-disabled:cursor-not-allowed peer-disabled:opacity-70 text-muted-foreground/80 text-[10px] font-bold tracking-[0.2em] uppercase"[39m
            [33mfor[39m=[32m"_r_a_"[39m
          [36m>[39m
            [0mdescription[0m
          [36m</label>[39m
        [36m</div>[39m
        [36m<div[39m
          [33mclass[39m=[32m"group relative"[39m
        [36m>[39m
          [36m<textarea[39m
            [33mclass[39m=[32m"placeholder:text-muted-foreground/30 w-full rounded-lg border bg-card transition-all outline-none focus:border-primary focus:ring-primary/10 focus:bg-accent/5 focus:ring-4 border-border hover:border-primary/50 h-48 resize-none p-6 text-lg leading-relaxed"[39m
            [33mid[39m=[32m"_r_a_"[39m
            [33mplaceholder[39m=[32m"descPlaceholder"[39m
          [36m/>[39m
        [36m</div>[39m
      [36m</div>[39m
      [36m<div[39m
        [33mclass[39m=[32m"space-y-2.5"[39m
      [36m>[39m
        [36m<div[39m
          [33mclass[39m=[32m"flex items-center justify-between px-1"[39m
        [36m>[39m
          [36m<label[39m
            [33mclass[39m=[32m"peer-disabled:cursor-not-allowed peer-disabled:opacity-70 text-muted-foreground/80 text-[10px] font-bold tracking-[0.2em] uppercase"[39m
            [33mfor[39m=[32m"_r_b_"[39m
          [36m>[39m
            [0mlocation[0m
          [36m</label>[39m
        [36m</div>[39m
        [36m<div[39m
          [33mclass[39m=[32m"group relative"[39m
        [36m>[39m
          [36m<input[39m
            [33mdata-testid[39m=[32m"location-input"[39m
            [33mplaceholder[39m=[32m"locationPlaceholder"[39m
            [33mvalue[39m=[32m""[39m
          [36m/>[39m
        [36m</div>[39m
      [36m</div>[39m
    [36m</div>[39m
  [36m</div>[39m
[36m</body>[39m
[90m [2m❯[22m Object.getElementError node_modules/@testing-library/dom/dist/config.js:[2m37:19[22m[39m
[90m [2m❯[22m node_modules/@testing-library/dom/dist/query-helpers.js:[2m76:38[22m[39m
[90m [2m❯[22m node_modules/@testing-library/dom/dist/query-helpers.js:[2m52:17[22m[39m
[90m [2m❯[22m node_modules/@testing-library/dom/dist/query-helpers.js:[2m95:19[22m[39m
[36m [2m❯[22m __tests__/components/step-details.test.tsx:[2m64:26[22m[39m
    [90m 62| [39m    [34mrender[39m([33m<[39m[33mStepDetails[39m [33m{[39m[33m...[39mdefaultProps[33m}[39m [33mupdateField[39m[33m=[39m[33m{[39mupdateField[33m}[39m [33m/[39m[33m>[39m)
    [90m 63| [39m
    [90m 64| [39m    [35mconst[39m input [33m=[39m screen[33m.[39m[34mgetByPlaceholderText[39m([32m'0.00'[39m)
    [90m   | [39m                         [31m^[39m
    [90m 65| [39m    fireEvent[33m.[39m[34mchange[39m(input[33m,[39m { target[33m:[39m { value[33m:[39m [32m'49.99'[39m } })
    [90m 66| [39m    [34mexpect[39m(updateField)[33m.[39m[34mtoHaveBeenCalledWith[39m([32m'price'[39m[33m,[39m [32m'49.99'[39m)

[31m[2m⎯⎯⎯⎯⎯⎯⎯⎯⎯⎯⎯⎯⎯⎯⎯⎯⎯⎯⎯⎯⎯⎯[12/23]⎯[22m[39m

[41m[1m FAIL [22m[49m [30m[42m unit [49m[39m __tests__/components/step-images.test.tsx[2m > [22mStepImages[2m > [22mrenders upload area
[31m[1mTestingLibraryElementError[22m: Unable to find an element with the text: /Drag and drop/i. This could be because the text is broken up by multiple elements. In this case, you can provide a function for your text matcher to make your matcher more flexible.

Ignored nodes: comments, script, style
[36m<body>[31m
  [36m<div>[31m
    [36m<div[31m
      [33mclass[31m=[32m"animate-in fade-in slide-in-from-right-8 space-y-8 duration-500"[31m
    [36m>[31m
      [36m<div[31m
        [33mclass[31m=[32m"space-y-4"[31m
      [36m>[31m
        [36m<div[31m
          [33mclass[31m=[32m"flex items-center justify-between"[31m
        [36m>[31m
          [36m<h3[31m
            [33mclass[31m=[32m"text-foreground text-xl font-bold"[31m
          [36m>[31m
            [0muploadPhotos[0m
          [36m</h3>[31m
          [36m<span[31m
            [33mclass[31m=[32m"text-muted-foreground text-sm font-medium"[31m
          [36m>[31m
            [0m0[0m
            [0m / 10[0m
          [36m</span>[31m
        [36m</div>[31m
        [36m<div[31m
          [33mclass[31m=[32m"group relative flex min-h-[280px] flex-col items-center justify-center rounded-lg border-2 border-dashed duration-200 bg-card hover:border-primary/40 focus-within:border-primary/40 focus-within:ring-primary/10 transition-all focus-within:ring-2"[31m
        [36m>[31m
          [36m<input[31m
            [33maccept[31m=[32m"image/*"[31m
            [33maria-label[31m=[32m"uploadPhotos"[31m
            [33mclass[31m=[32m"absolute inset-0 cursor-pointer opacity-0"[31m
            [33mmultiple[31m=[32m""[31m
            [33mtitle[31m=[32m"uploadPhotos"[31m
            [33mtype[31m=[32m"file"[31m
          [36m/>[31m
          [36m<div[31m
            [33mclass[31m=[32m"pointer-events-none flex flex-col items-center gap-4 p-8 text-center"[31m
          [36m>[31m
            [36m<div[31m
              [33mclass[31m=[32m"bg-primary/10 text-primary flex h-20 w-20 items-center justify-center rounded-lg transition-transform group-hover:scale-110"[31m
            [36m>[31m
              [36m<svg[31m
                [33maria-hidden[31m=[32m"true"[31m
                [33mclass[31m=[32m"lucide lucide-upload h-10 w-10"[31m
                [33mfill[31m=[32m"none"[31m
                [33mheight[31m=[32m"24"[31m
                [33mstroke[31m=[32m"currentColor"[31m
                [33mstroke-linecap[31m=[32m"round"[31m
                [33mstroke-linejoin[31m=[32m"round"[31m
                [33mstroke-width[31m=[32m"2"[31m
                [33mviewBox[31m=[32m"0 0 24 24"[31m
                [33mwidth[31m=[32m"24"[31m
                [33mxmlns[31m=[32m"http://www.w3.org/2000/svg"[31m
              [36m>[31m
                [36m<path[31m
                  [33md[31m=[32m"M12 3v12"[31m
                [36m/>[31m
                [36m<path[31m
                  [33md[31m=[32m"m17 8-5-5-5 5"[31m
                [36m/>[31m
                [36m<path[31m
                  [33md[31m=[32m"M21 15v4a2 2 0 0 1-2 2H5a2 2 0 0 1-2-2v-4"[31m
                [36m/>[31m
              [36m</svg>[31m
            [36m</div>[31m
            [36m<div[31m
              [33mclass[31m=[32m"space-y-2"[31m
            [36m>[31m
              [36m<p[31m
                [33mclass[31m=[32m"text-foreground text-lg font-bold"[31m
              [36m>[31m
                [0mdragDrop[0m
              [36m</p>[31m
              [36m<p[31m
                [33mclass[31m=[32m"text-muted-foreground max-w-xs text-sm leading-relaxed"[31m
              [36m>[31m
                [0mmaxSize[0m
              [36m</p>[31m
            [36m</div>[31m
            [36m<button[31m
              [33mclass[31m=[32m"inline-flex items-center justify-center gap-2 whitespace-nowrap text-[15px] font-semibold focus-visible:outline-none focus-visible:ring-2 focus-visible:ring-ring focus-visible:ring-offset-2 disabled:pointer-events-none disabled:opacity-50 border border-border h-12 py-3 bg-primary text-primary-foreground hover:bg-primary/90 pointer-events-auto mt-2 rounded-lg px-8 shadow-sm transition-all active:scale-95"[31m
              [33mtype[31m=[32m"button"[31m
            [36m>[31m
              [0mselectImages[0m
            [36m</button>[31m
          [36m</div>[31m
        [36m</div>[31m
      [36m</div>[31m
    [36m</div>[31m
  [36m</div>[31m
[36m</body>[31m[39m
[90m [2m❯[22m Object.getElementError node_modules/@testing-library/dom/dist/config.js:[2m37:19[22m[39m
[90m [2m❯[22m node_modules/@testing-library/dom/dist/query-helpers.js:[2m76:38[22m[39m
[90m [2m❯[22m node_modules/@testing-library/dom/dist/query-helpers.js:[2m52:17[22m[39m
[90m [2m❯[22m node_modules/@testing-library/dom/dist/query-helpers.js:[2m95:19[22m[39m
[36m [2m❯[22m __tests__/components/step-images.test.tsx:[2m33:19[22m[39m
    [90m 31| [39m  [34mit[39m([32m'renders upload area'[39m[33m,[39m () [33m=>[39m {
    [90m 32| [39m    [34mrender[39m([33m<[39m[33mStepImages[39m [33m{[39m[33m...[39mdefaultProps[33m}[39m [33m/[39m[33m>[39m)
    [90m 33| [39m    [34mexpect[39m(screen[33m.[39m[34mgetByText[39m([36m/Drag and drop/i[39m))[33m.[39m[34mtoBeInTheDocument[39m()
    [90m   | [39m                  [31m^[39m
    [90m 34| [39m    [34mexpect[39m(screen[33m.[39m[34mgetByText[39m([36m/Select images/i[39m))[33m.[39m[34mtoBeInTheDocument[39m()
    [90m 35| [39m  })

[31m[2m⎯⎯⎯⎯⎯⎯⎯⎯⎯⎯⎯⎯⎯⎯⎯⎯⎯⎯⎯⎯⎯⎯[13/23]⎯[22m[39m

[41m[1m FAIL [22m[49m [30m[42m unit [49m[39m __tests__/components/step-images.test.tsx[2m > [22mStepImages[2m > [22mshows loading state when isUploading is true
[31m[1mTestingLibraryElementError[22m: Unable to find an element with the text: /Uploading.../i. This could be because the text is broken up by multiple elements. In this case, you can provide a function for your text matcher to make your matcher more flexible.

Ignored nodes: comments, script, style
[36m<body>[31m
  [36m<div>[31m
    [36m<div[31m
      [33mclass[31m=[32m"animate-in fade-in slide-in-from-right-8 space-y-8 duration-500"[31m
    [36m>[31m
      [36m<div[31m
        [33mclass[31m=[32m"space-y-4"[31m
      [36m>[31m
        [36m<div[31m
          [33mclass[31m=[32m"flex items-center justify-between"[31m
        [36m>[31m
          [36m<h3[31m
            [33mclass[31m=[32m"text-foreground text-xl font-bold"[31m
          [36m>[31m
            [0muploadPhotos[0m
          [36m</h3>[31m
          [36m<span[31m
            [33mclass[31m=[32m"text-muted-foreground text-sm font-medium"[31m
          [36m>[31m
            [0m0[0m
            [0m / 10[0m
          [36m</span>[31m
        [36m</div>[31m
        [36m<div[31m
          [33mclass[31m=[32m"group relative flex min-h-[280px] flex-col items-center justify-center rounded-lg border-2 border-dashed transition-all duration-200 border-primary/50 bg-primary/5 cursor-wait"[31m
        [36m>[31m
          [36m<input[31m
            [33maccept[31m=[32m"image/*"[31m
            [33maria-label[31m=[32m"uploadPhotos"[31m
            [33mclass[31m=[32m"absolute inset-0 cursor-pointer opacity-0"[31m
            [33mdisabled[31m=[32m""[31m
            [33mmultiple[31m=[32m""[31m
            [33mtitle[31m=[32m"uploadPhotos"[31m
            [33mtype[31m=[32m"file"[31m
          [36m/>[31m
          [36m<div[31m
            [33mclass[31m=[32m"pointer-events-none flex flex-col items-center gap-4 p-8 text-center"[31m
          [36m>[31m
            [36m<div[31m
              [33mclass[31m=[32m"bg-primary/10 text-primary flex h-20 w-20 items-center justify-center rounded-lg transition-transform group-hover:scale-110"[31m
            [36m>[31m
              [36m<svg[31m
                [33maria-hidden[31m=[32m"true"[31m
                [33mclass[31m=[32m"lucide lucide-loader-circle h-10 w-10 animate-spin"[31m
                [33mfill[31m=[32m"none"[31m
                [33mheight[31m=[32m"24"[31m
                [33mstroke[31m=[32m"currentColor"[31m
                [33mstroke-linecap[31m=[32m"round"[31m
                [33mstroke-linejoin[31m=[32m"round"[31m
                [33mstroke-width[31m=[32m"2"[31m
                [33mviewBox[31m=[32m"0 0 24 24"[31m
                [33mwidth[31m=[32m"24"[31m
                [33mxmlns[31m=[32m"http://www.w3.org/2000/svg"[31m
              [36m>[31m
                [36m<path[31m
                  [33md[31m=[32m"M21 12a9 9 0 1 1-6.219-8.56"[31m
                [36m/>[31m
              [36m</svg>[31m
            [36m</div>[31m
            [36m<div[31m
              [33mclass[31m=[32m"space-y-2"[31m
            [36m>[31m
              [36m<p[31m
                [33mclass[31m=[32m"text-foreground text-lg font-bold"[31m
              [36m>[31m
                [0muploading[0m
              [36m</p>[31m
              [36m<p[31m
                [33mclass[31m=[32m"text-muted-foreground max-w-xs text-sm leading-relaxed"[31m
              [36m>[31m
                [0mmaxSize[0m
              [36m</p>[31m
            [36m</div>[31m
          [36m</div>[31m
        [36m</div>[31m
      [36m</div>[31m
    [36m</div>[31m
  [36m</div>[31m
[36m</body>[31m[39m
[90m [2m❯[22m Object.getElementError node_modules/@testing-library/dom/dist/config.js:[2m37:19[22m[39m
[90m [2m❯[22m node_modules/@testing-library/dom/dist/query-helpers.js:[2m76:38[22m[39m
[90m [2m❯[22m node_modules/@testing-library/dom/dist/query-helpers.js:[2m52:17[22m[39m
[90m [2m❯[22m node_modules/@testing-library/dom/dist/query-helpers.js:[2m95:19[22m[39m
[36m [2m❯[22m __tests__/components/step-images.test.tsx:[2m39:19[22m[39m
    [90m 37| [39m  [34mit[39m([32m'shows loading state when isUploading is true'[39m[33m,[39m () [33m=>[39m {
    [90m 38| [39m    [34mrender[39m([33m<[39m[33mStepImages[39m [33m{[39m[33m...[39mdefaultProps[33m}[39m [33misUploading[39m[33m=[39m[33m{[39m[35mtrue[39m[33m}[39m [33m/[39m[33m>[39m)
    [90m 39| [39m    [34mexpect[39m(screen[33m.[39m[34mgetByText[39m([36m/Uploading.../i[39m))[33m.[39m[34mtoBeInTheDocument[39m()
    [90m   | [39m                  [31m^[39m
    [90m 40| [39m  })
    [90m 41| [39m

[31m[2m⎯⎯⎯⎯⎯⎯⎯⎯⎯⎯⎯⎯⎯⎯⎯⎯⎯⎯⎯⎯⎯⎯[14/23]⎯[22m[39m

[41m[1m FAIL [22m[49m [30m[42m unit [49m[39m __tests__/lib/env.test.ts[2m > [22mEnvironment Variables[2m > [22mhas SUPABASE_URL property
[31m[1mAssertionError[22m: expected { NODE_ENV: 'development', …(4) } to have property "SUPABASE_URL"[39m
[36m [2m❯[22m __tests__/lib/env.test.ts:[2m10:17[22m[39m
    [90m  8| [39m
    [90m  9| [39m  [34mit[39m([32m'has SUPABASE_URL property'[39m[33m,[39m () [33m=>[39m {
    [90m 10| [39m    [34mexpect[39m(env)[33m.[39m[34mtoHaveProperty[39m([32m'SUPABASE_URL'[39m)
    [90m   | [39m                [31m^[39m
    [90m 11| [39m  })
    [90m 12| [39m

[31m[2m⎯⎯⎯⎯⎯⎯⎯⎯⎯⎯⎯⎯⎯⎯⎯⎯⎯⎯⎯⎯⎯⎯[15/23]⎯[22m[39m

[41m[1m FAIL [22m[49m [30m[42m unit [49m[39m __tests__/lib/env.test.ts[2m > [22mEnvironment Variables[2m > [22mhas SUPABASE_ANON_KEY property
[31m[1mAssertionError[22m: expected { NODE_ENV: 'development', …(4) } to have property "SUPABASE_ANON_KEY"[39m
[36m [2m❯[22m __tests__/lib/env.test.ts:[2m14:17[22m[39m
    [90m 12| [39m
    [90m 13| [39m  [34mit[39m([32m'has SUPABASE_ANON_KEY property'[39m[33m,[39m () [33m=>[39m {
    [90m 14| [39m    [34mexpect[39m(env)[33m.[39m[34mtoHaveProperty[39m([32m'SUPABASE_ANON_KEY'[39m)
    [90m   | [39m                [31m^[39m
    [90m 15| [39m  })
    [90m 16| [39m

[31m[2m⎯⎯⎯⎯⎯⎯⎯⎯⎯⎯⎯⎯⎯⎯⎯⎯⎯⎯⎯⎯⎯⎯[16/23]⎯[22m[39m

[41m[1m FAIL [22m[49m [30m[42m unit [49m[39m __tests__/lib/env.test.ts[2m > [22mEnvironment Variables[2m > [22mhas APP_URL property with default
[31m[1mAssertionError[22m: expected undefined to be defined[39m
[36m [2m❯[22m __tests__/lib/env.test.ts:[2m22:25[22m[39m
    [90m 20| [39m
    [90m 21| [39m  [34mit[39m([32m'has APP_URL property with default'[39m[33m,[39m () [33m=>[39m {
    [90m 22| [39m    [34mexpect[39m(env[33m.[39m[33mAPP_URL[39m)[33m.[39m[34mtoBeDefined[39m()
    [90m   | [39m                        [31m^[39m
    [90m 23| [39m    [34mexpect[39m(env[33m.[39m[33mAPP_URL[39m)[33m.[39m[34mtoContain[39m([32m'http'[39m)
    [90m 24| [39m  })

[31m[2m⎯⎯⎯⎯⎯⎯⎯⎯⎯⎯⎯⎯⎯⎯⎯⎯⎯⎯⎯⎯⎯⎯[17/23]⎯[22m[39m

[41m[1m FAIL [22m[49m [30m[42m unit [49m[39m __tests__/lib/env.test.ts[2m > [22mEnvironment Variables[2m > [22mhas feature flags
[31m[1mAssertionError[22m: expected undefined to be defined[39m
[36m [2m❯[22m __tests__/lib/env.test.ts:[2m27:29[22m[39m
    [90m 25| [39m
    [90m 26| [39m  [34mit[39m([32m'has feature flags'[39m[33m,[39m () [33m=>[39m {
    [90m 27| [39m    [34mexpect[39m(env[33m.[39m[33mENABLE_AUTH[39m)[33m.[39m[34mtoBeDefined[39m()
    [90m   | [39m                            [31m^[39m
    [90m 28| [39m    [34mexpect[39m(env[33m.[39m[33mENABLE_PAYMENTS[39m)[33m.[39m[34mtoBeDefined[39m()
    [90m 29| [39m  })

[31m[2m⎯⎯⎯⎯⎯⎯⎯⎯⎯⎯⎯⎯⎯⎯⎯⎯⎯⎯⎯⎯⎯⎯[18/23]⎯[22m[39m


[2m Test Files [22m [1m[31m8 failed[39m[22m[2m | [22m[1m[32m40 passed[39m[22m[90m (48)[39m
[2m      Tests [22m [1m[31m23 failed[39m[22m[2m | [22m[1m[32m267 passed[39m[22m[90m (290)[39m
[2m   Start at [22m 22:08:46
[2m   Duration [22m 10.72s[2m (transform 5.03s, setup 8.06s, import 15.24s, tests 4.14s, environment 30.96s)[22m

